Archive member included to satisfy reference by file (symbol)

C:/ST/STM32CubeCLT_1.16.0/GNU-tools-for-STM32/bin/../lib/gcc/arm-none-eabi/12.3.1/../../../../arm-none-eabi/lib/thumb/v7e-m+fp/hard\libc_nano.a(libc_a-exit.o)
                              C:/ST/STM32CubeCLT_1.16.0/GNU-tools-for-STM32/bin/../lib/gcc/arm-none-eabi/12.3.1/../../../../arm-none-eabi/lib/thumb/v7e-m+fp/hard/crt0.o (exit)
C:/ST/STM32CubeCLT_1.16.0/GNU-tools-for-STM32/bin/../lib/gcc/arm-none-eabi/12.3.1/../../../../arm-none-eabi/lib/thumb/v7e-m+fp/hard\libc_nano.a(libc_a-findfp.o)
                              C:/ST/STM32CubeCLT_1.16.0/GNU-tools-for-STM32/bin/../lib/gcc/arm-none-eabi/12.3.1/../../../../arm-none-eabi/lib/thumb/v7e-m+fp/hard\libc_nano.a(libc_a-exit.o) (__stdio_exit_handler)
C:/ST/STM32CubeCLT_1.16.0/GNU-tools-for-STM32/bin/../lib/gcc/arm-none-eabi/12.3.1/../../../../arm-none-eabi/lib/thumb/v7e-m+fp/hard\libc_nano.a(libc_a-fwalk.o)
                              C:/ST/STM32CubeCLT_1.16.0/GNU-tools-for-STM32/bin/../lib/gcc/arm-none-eabi/12.3.1/../../../../arm-none-eabi/lib/thumb/v7e-m+fp/hard\libc_nano.a(libc_a-findfp.o) (_fwalk_sglue)
C:/ST/STM32CubeCLT_1.16.0/GNU-tools-for-STM32/bin/../lib/gcc/arm-none-eabi/12.3.1/../../../../arm-none-eabi/lib/thumb/v7e-m+fp/hard\libc_nano.a(libc_a-stdio.o)
                              C:/ST/STM32CubeCLT_1.16.0/GNU-tools-for-STM32/bin/../lib/gcc/arm-none-eabi/12.3.1/../../../../arm-none-eabi/lib/thumb/v7e-m+fp/hard\libc_nano.a(libc_a-findfp.o) (__sread)
C:/ST/STM32CubeCLT_1.16.0/GNU-tools-for-STM32/bin/../lib/gcc/arm-none-eabi/12.3.1/../../../../arm-none-eabi/lib/thumb/v7e-m+fp/hard\libc_nano.a(libc_a-memset.o)
                              C:/ST/STM32CubeCLT_1.16.0/GNU-tools-for-STM32/bin/../lib/gcc/arm-none-eabi/12.3.1/../../../../arm-none-eabi/lib/thumb/v7e-m+fp/hard/crt0.o (memset)
C:/ST/STM32CubeCLT_1.16.0/GNU-tools-for-STM32/bin/../lib/gcc/arm-none-eabi/12.3.1/../../../../arm-none-eabi/lib/thumb/v7e-m+fp/hard\libc_nano.a(libc_a-closer.o)
                              C:/ST/STM32CubeCLT_1.16.0/GNU-tools-for-STM32/bin/../lib/gcc/arm-none-eabi/12.3.1/../../../../arm-none-eabi/lib/thumb/v7e-m+fp/hard\libc_nano.a(libc_a-stdio.o) (_close_r)
C:/ST/STM32CubeCLT_1.16.0/GNU-tools-for-STM32/bin/../lib/gcc/arm-none-eabi/12.3.1/../../../../arm-none-eabi/lib/thumb/v7e-m+fp/hard\libc_nano.a(libc_a-reent.o)
                              C:/ST/STM32CubeCLT_1.16.0/GNU-tools-for-STM32/bin/../lib/gcc/arm-none-eabi/12.3.1/../../../../arm-none-eabi/lib/thumb/v7e-m+fp/hard\libc_nano.a(libc_a-closer.o) (errno)
C:/ST/STM32CubeCLT_1.16.0/GNU-tools-for-STM32/bin/../lib/gcc/arm-none-eabi/12.3.1/../../../../arm-none-eabi/lib/thumb/v7e-m+fp/hard\libc_nano.a(libc_a-impure.o)
                              C:/ST/STM32CubeCLT_1.16.0/GNU-tools-for-STM32/bin/../lib/gcc/arm-none-eabi/12.3.1/../../../../arm-none-eabi/lib/thumb/v7e-m+fp/hard\libc_nano.a(libc_a-reent.o) (_impure_ptr)
C:/ST/STM32CubeCLT_1.16.0/GNU-tools-for-STM32/bin/../lib/gcc/arm-none-eabi/12.3.1/../../../../arm-none-eabi/lib/thumb/v7e-m+fp/hard\libc_nano.a(libc_a-lseekr.o)
                              C:/ST/STM32CubeCLT_1.16.0/GNU-tools-for-STM32/bin/../lib/gcc/arm-none-eabi/12.3.1/../../../../arm-none-eabi/lib/thumb/v7e-m+fp/hard\libc_nano.a(libc_a-stdio.o) (_lseek_r)
C:/ST/STM32CubeCLT_1.16.0/GNU-tools-for-STM32/bin/../lib/gcc/arm-none-eabi/12.3.1/../../../../arm-none-eabi/lib/thumb/v7e-m+fp/hard\libc_nano.a(libc_a-readr.o)
                              C:/ST/STM32CubeCLT_1.16.0/GNU-tools-for-STM32/bin/../lib/gcc/arm-none-eabi/12.3.1/../../../../arm-none-eabi/lib/thumb/v7e-m+fp/hard\libc_nano.a(libc_a-stdio.o) (_read_r)
C:/ST/STM32CubeCLT_1.16.0/GNU-tools-for-STM32/bin/../lib/gcc/arm-none-eabi/12.3.1/../../../../arm-none-eabi/lib/thumb/v7e-m+fp/hard\libc_nano.a(libc_a-writer.o)
                              C:/ST/STM32CubeCLT_1.16.0/GNU-tools-for-STM32/bin/../lib/gcc/arm-none-eabi/12.3.1/../../../../arm-none-eabi/lib/thumb/v7e-m+fp/hard\libc_nano.a(libc_a-stdio.o) (_write_r)
C:/ST/STM32CubeCLT_1.16.0/GNU-tools-for-STM32/bin/../lib/gcc/arm-none-eabi/12.3.1/../../../../arm-none-eabi/lib/thumb/v7e-m+fp/hard\libc_nano.a(libc_a-init.o)
                              C:/ST/STM32CubeCLT_1.16.0/GNU-tools-for-STM32/bin/../lib/gcc/arm-none-eabi/12.3.1/../../../../arm-none-eabi/lib/thumb/v7e-m+fp/hard/crt0.o (__libc_init_array)
C:/ST/STM32CubeCLT_1.16.0/GNU-tools-for-STM32/bin/../lib/gcc/arm-none-eabi/12.3.1/../../../../arm-none-eabi/lib/thumb/v7e-m+fp/hard\libc_nano.a(libc_a-lock.o)
                              C:/ST/STM32CubeCLT_1.16.0/GNU-tools-for-STM32/bin/../lib/gcc/arm-none-eabi/12.3.1/../../../../arm-none-eabi/lib/thumb/v7e-m+fp/hard\libc_nano.a(libc_a-findfp.o) (__retarget_lock_init_recursive)
C:/ST/STM32CubeCLT_1.16.0/GNU-tools-for-STM32/bin/../lib/gcc/arm-none-eabi/12.3.1/../../../../arm-none-eabi/lib/thumb/v7e-m+fp/hard\libc_nano.a(libc_a-freer.o)
[...]
Memory Configuration

Name             Origin             Length             Attributes
RAM              0x20000000         0x00020000         xrw
FLASH            0x08000000         0x00080000         xr
*default*        0x00000000         0xffffffff

Linker script and memory map

LOAD C:/ST/STM32CubeCLT_1.16.0/GNU-tools-for-STM32/bin/../lib/gcc/arm-none-eabi/12.3.1/thumb/v7e-m+fp/hard/crti.o
LOAD C:/ST/STM32CubeCLT_1.16.0/GNU-tools-for-STM32/bin/../lib/gcc/arm-none-eabi/12.3.1/thumb/v7e-m+fp/hard/crtbegin.o
LOAD C:/ST/STM32CubeCLT_1.16.0/GNU-tools-for-STM32/bin/../lib/gcc/arm-none-eabi/12.3.1/../../../../arm-none-eabi/lib/thumb/v7e-m+fp/hard/crt0.o
START GROUP
LOAD C:/ST/STM32CubeCLT_1.16.0/GNU-tools-for-STM32/bin/../lib/gcc/arm-none-eabi/12.3.1/../../../../arm-none-eabi/lib/thumb/v7e-m+fp/hard\libc_nano.a
LOAD C:/ST/STM32CubeCLT_1.16.0/GNU-tools-for-STM32/bin/../lib/gcc/arm-none-eabi/12.3.1/../../../../arm-none-eabi/lib/thumb/v7e-m+fp/hard\libm.a
END GROUP
LOAD CMakeFiles/force_sensor.dir/Core/Src/main.c.obj
LOAD CMakeFiles/force_sensor.dir/Core/Src/stm32f4xx_it.c.obj
LOAD CMakeFiles/force_sensor.dir/Core/Src/stm32f4xx_hal_msp.c.obj
LOAD CMakeFiles/force_sensor.dir/Drivers/STM32F4xx_HAL_Driver/Src/stm32f4xx_hal_adc.c.obj
LOAD CMakeFiles/force_sensor.dir/Drivers/STM32F4xx_HAL_Driver/Src/stm32f4xx_hal_adc_ex.c.obj
LOAD CMakeFiles/force_sensor.dir/Drivers/STM32F4xx_HAL_Driver/Src/stm32f4xx_ll_adc.c.obj
LOAD CMakeFiles/force_sensor.dir/Drivers/STM32F4xx_HAL_Driver/Src/stm32f4xx_hal_rcc.c.obj
LOAD CMakeFiles/force_sensor.dir/Drivers/STM32F4xx_HAL_Driver/Src/stm32f4xx_hal_rcc_ex.c.obj
LOAD CMakeFiles/force_sensor.dir/Drivers/STM32F4xx_HAL_Driver/Src/stm32f4xx_hal_flash.c.obj
LOAD CMakeFiles/force_sensor.dir/Drivers/STM32F4xx_HAL_Driver/Src/stm32f4xx_hal_flash_ex.c.obj
LOAD CMakeFiles/force_sensor.dir/Drivers/STM32F4xx_HAL_Driver/Src/stm32f4xx_hal_flash_ramfunc.c.obj
LOAD CMakeFiles/force_sensor.dir/Drivers/STM32F4xx_HAL_Driver/Src/stm32f4xx_hal_gpio.c.obj
LOAD CMakeFiles/force_sensor.dir/Drivers/STM32F4xx_HAL_Driver/Src/stm32f4xx_hal_dma_ex.c.obj
LOAD CMakeFiles/force_sensor.dir/Drivers/STM32F4xx_HAL_Driver/Src/stm32f4xx_hal_dma.c.obj
LOAD CMakeFiles/force_sensor.dir/Drivers/STM32F4xx_HAL_Driver/Src/stm32f4xx_hal_pwr.c.obj
LOAD CMakeFiles/force_sensor.dir/Drivers/STM32F4xx_HAL_Driver/Src/stm32f4xx_hal_pwr_ex.c.obj
LOAD CMakeFiles/force_sensor.dir/Drivers/STM32F4xx_HAL_Driver/Src/stm32f4xx_hal_cortex.c.obj
LOAD CMakeFiles/force_sensor.dir/Drivers/STM32F4xx_HAL_Driver/Src/stm32f4xx_hal.c.obj
LOAD CMakeFiles/force_sensor.dir/Drivers/STM32F4xx_HAL_Driver/Src/stm32f4xx_hal_exti.c.obj
LOAD CMakeFiles/force_sensor.dir/Drivers/STM32F4xx_HAL_Driver/Src/stm32f4xx_hal_dac.c.obj
LOAD CMakeFiles/force_sensor.dir/Drivers/STM32F4xx_HAL_Driver/Src/stm32f4xx_hal_dac_ex.c.obj
LOAD CMakeFiles/force_sensor.dir/Drivers/STM32F4xx_HAL_Driver/Src/stm32f4xx_hal_tim.c.obj
LOAD CMakeFiles/force_sensor.dir/Drivers/STM32F4xx_HAL_Driver/Src/stm32f4xx_hal_tim_ex.c.obj
LOAD CMakeFiles/force_sensor.dir/Drivers/STM32F4xx_HAL_Driver/Src/stm32f4xx_hal_uart.c.obj
LOAD CMakeFiles/force_sensor.dir/Core/Src/system_stm32f4xx.c.obj
LOAD CMakeFiles/force_sensor.dir/Core/Src/sysmem.c.obj
LOAD CMakeFiles/force_sensor.dir/Core/Src/syscalls.c.obj
LOAD CMakeFiles/force_sensor.dir/startup_stm32f446xx.s.obj
START GROUP
LOAD C:/ST/STM32CubeCLT_1.16.0/GNU-tools-for-STM32/bin/../lib/gcc/arm-none-eabi/12.3.1/thumb/v7e-m+fp/hard\libgcc.a
LOAD C:/ST/STM32CubeCLT_1.16.0/GNU-tools-for-STM32/bin/../lib/gcc/arm-none-eabi/12.3.1/../../../../arm-none-eabi/lib/thumb/v7e-m+fp/hard\libg_nano.a
LOAD C:/ST/STM32CubeCLT_1.16.0/GNU-tools-for-STM32/bin/../lib/gcc/arm-none-eabi/12.3.1/../../../../arm-none-eabi/lib/thumb/v7e-m+fp/hard\libc_nano.a
END GROUP
START GROUP
LOAD C:/ST/STM32CubeCLT_1.16.0/GNU-tools-for-STM32/bin/../lib/gcc/arm-none-eabi/12.3.1/thumb/v7e-m+fp/hard\libgcc.a
LOAD C:/ST/STM32CubeCLT_1.16.0/GNU-tools-for-STM32/bin/../lib/gcc/arm-none-eabi/12.3.1/../../../../arm-none-eabi/lib/thumb/v7e-m+fp/hard\libc_nano.a
END GROUP
LOAD C:/ST/STM32CubeCLT_1.16.0/GNU-tools-for-STM32/bin/../lib/gcc/arm-none-eabi/12.3.1/thumb/v7e-m+fp/hard/crtend.o
LOAD C:/ST/STM32CubeCLT_1.16.0/GNU-tools-for-STM32/bin/../lib/gcc/arm-none-eabi/12.3.1/thumb/v7e-m+fp/hard/crtn.o
                0x20020000                        _estack = (ORIGIN (RAM) + LENGTH (RAM))
                0x00000200                        _Min_Heap_Size = 0x200
                0x00000400                        _Min_Stack_Size = 0x400

.isr_vector     0x08000000      0x1c4
                0x08000000                        . = ALIGN (0x4)
 *(.isr_vector)
 .isr_vector    0x08000000      0x1c4 CMakeFiles/force_sensor.dir/startup_stm32f446xx.s.obj
                0x08000000                g_pfnVectors
                0x080001c4                        . = ALIGN (0x4)

.text           0x080001d0     0x3f00
                0x080001d0                        . = ALIGN (0x4)
 *(.text)
 .text          0x080001d0       0x40 C:/ST/STM32CubeCLT_1.16.0/GNU-tools-for-STM32/bin/../lib/gcc/arm-none-eabi/12.3.1/thumb/v7e-m+fp/hard/crtbegin.o
 .text          0x08000210       0x30 C:/ST/STM32CubeCLT_1.16.0/GNU-tools-for-STM32/bin/../lib/gcc/arm-none-eabi/12.3.1/thumb/v7e-m+fp/hard\libgcc.a(_aeabi_uldivmod.o)
                0x08000210                __aeabi_uldivmod
 .text          0x08000240      0x2bc C:/ST/STM32CubeCLT_1.16.0/GNU-tools-for-STM32/bin/../lib/gcc/arm-none-eabi/12.3.1/thumb/v7e-m+fp/hard\libgcc.a(_udivmoddi4.o)
                0x08000240                __udivmoddi4
 .text          0x080004fc        0x4 C:/ST/STM32CubeCLT_1.16.0/GNU-tools-for-STM32/bin/../lib/gcc/arm-none-eabi/12.3.1/thumb/v7e-m+fp/hard\libgcc.a(_dvmd_tls.o)
                0x080004fc                __aeabi_idiv0
                0x080004fc                __aeabi_ldiv0
 .text          0x08000500       0x10 C:/ST/STM32CubeCLT_1.16.0/GNU-tools-for-STM32/bin/../lib/gcc/arm-none-eabi/12.3.1/../../../../arm-none-eabi/lib/thumb/v7e-m+fp/hard\libg_nano.a(libc_a-strlen.o)
                0x08000500                strlen
 .text          0x08000510       0xa0 C:/ST/STM32CubeCLT_1.16.0/GNU-tools-for-STM32/bin/../lib/gcc/arm-none-eabi/12.3.1/../../../../arm-none-eabi/lib/thumb/v7e-m+fp/hard\libg_nano.a(libc_a-memchr.o)
                0x08000510                memchr
 *(.text*)
 .text.memset   0x080005b0       0x10 C:/ST/STM32CubeCLT_1.16.0/GNU-tools-for-STM32/bin/../lib/gcc/arm-none-eabi/12.3.1/../../../../arm-none-eabi/lib/thumb/v7e-m+fp/hard\libc_nano.a(libc_a-memset.o)
                0x080005b0                memset
 .text.__libc_init_array
                0x080005c0       0x48 C:/ST/STM32CubeCLT_1.16.0/GNU-tools-for-STM32/bin/../lib/gcc/arm-none-eabi/12.3.1/../../../../arm-none-eabi/lib/thumb/v7e-m+fp/hard\libc_nano.a(libc_a-init.o)
                0x080005c0                __libc_init_array
 .text.__retarget_lock_acquire_recursive
                0x08000608        0x2 C:/ST/STM32CubeCLT_1.16.0/GNU-tools-for-STM32/bin/../lib/gcc/arm-none-eabi/12.3.1/../../../../arm-none-eabi/lib/thumb/v7e-m+fp/hard\libc_nano.a(libc_a-lock.o)
                0x08000608                __retarget_lock_acquire_recursive
 .text.__retarget_lock_release_recursive
                0x0800060a        0x2 C:/ST/STM32CubeCLT_1.16.0/GNU-tools-for-STM32/bin/../lib/gcc/arm-none-eabi/12.3.1/../../../../arm-none-eabi/lib/thumb/v7e-m+fp/hard\libc_nano.a(libc_a-lock.o)
                0x0800060a                __retarget_lock_release_recursive
 .text._free_r  0x0800060c       0x94 C:/ST/STM32CubeCLT_1.16.0/GNU-tools-for-STM32/bin/../lib/gcc/arm-none-eabi/12.3.1/../../../../arm-none-eabi/lib/thumb/v7e-m+fp/hard\libc_nano.a(libc_a-freer.o)
                0x0800060c                _free_r
 .text.sbrk_aligned
                0x080006a0       0x44 C:/ST/STM32CubeCLT_1.16.0/GNU-tools-for-STM32/bin/../lib/gcc/arm-none-eabi/12.3.1/../../../../arm-none-eabi/lib/thumb/v7e-m+fp/hard\libc_nano.a(libc_a-mallocr.o)
 .text._malloc_r
                0x080006e4      0x100 C:/ST/STM32CubeCLT_1.16.0/GNU-tools-for-STM32/bin/../lib/gcc/arm-none-eabi/12.3.1/../../../../arm-none-eabi/lib/thumb/v7e-m+fp/hard\libc_nano.a(libc_a-mallocr.o)
                0x080006e4                _malloc_r
 .text.__malloc_lock
                0x080007e4        0xc C:/ST/STM32CubeCLT_1.16.0/GNU-tools-for-STM32/bin/../lib/gcc/arm-none-eabi/12.3.1/../../../../arm-none-eabi/lib/thumb/v7e-m+fp/hard\libc_nano.a(libc_a-mlock.o)
                0x080007e4                __malloc_lock
 .text.__malloc_unlock
                0x080007f0        0xc C:/ST/STM32CubeCLT_1.16.0/GNU-tools-for-STM32/bin/../lib/gcc/arm-none-eabi/12.3.1/../../../../arm-none-eabi/lib/thumb/v7e-m+fp/hard\libc_nano.a(libc_a-mlock.o)
                0x080007f0                __malloc_unlock
 .text._sbrk_r  0x080007fc       0x20 C:/ST/STM32CubeCLT_1.16.0/GNU-tools-for-STM32/bin/../lib/gcc/arm-none-eabi/12.3.1/../../../../arm-none-eabi/lib/thumb/v7e-m+fp/hard\libc_nano.a(libc_a-sbrkr.o)
                0x080007fc                _sbrk_r
 .text.main     0x0800081c       0xc8 CMakeFiles/force_sensor.dir/Core/Src/main.c.obj
                0x0800081c                main
 .text.SystemClock_Config
                0x080008e4       0xd8 CMakeFiles/force_sensor.dir/Core/Src/main.c.obj
                0x080008e4                SystemClock_Config
 .text.MX_ADC1_Init
                0x080009bc       0xa4 CMakeFiles/force_sensor.dir/Core/Src/main.c.obj
 .text.MX_DAC_Init
                0x08000a60       0x54 CMakeFiles/force_sensor.dir/Core/Src/main.c.obj
 .text.MX_USART2_UART_Init
                0x08000ab4       0x54 CMakeFiles/force_sensor.dir/Core/Src/main.c.obj
 .text.MX_DMA_Init
                0x08000b08       0x40 CMakeFiles/force_sensor.dir/Core/Src/main.c.obj
 .text.MX_GPIO_Init
                0x08000b48       0xe0 CMakeFiles/force_sensor.dir/Core/Src/main.c.obj
 .text.Error_Handler
                0x08000c28        0xc CMakeFiles/force_sensor.dir/Core/Src/main.c.obj
                0x08000c28                Error_Handler
 .text.NMI_Handler
                0x08000c34        0x8 CMakeFiles/force_sensor.dir/Core/Src/stm32f4xx_it.c.obj
                0x08000c34                NMI_Handler
 .text.HardFault_Handler
                0x08000c3c        0x8 CMakeFiles/force_sensor.dir/Core/Src/stm32f4xx_it.c.obj
                0x08000c3c                HardFault_Handler
 .text.MemManage_Handler
                0x08000c44        0x8 CMakeFiles/force_sensor.dir/Core/Src/stm32f4xx_it.c.obj
                0x08000c44                MemManage_Handler
 .text.BusFault_Handler
                0x08000c4c        0x8 CMakeFiles/force_sensor.dir/Core/Src/stm32f4xx_it.c.obj
                0x08000c4c                BusFault_Handler
 .text.UsageFault_Handler
                0x08000c54        0x8 CMakeFiles/force_sensor.dir/Core/Src/stm32f4xx_it.c.obj
                0x08000c54                UsageFault_Handler
 .text.SVC_Handler
                0x08000c5c        0xe CMakeFiles/force_sensor.dir/Core/Src/stm32f4xx_it.c.obj
                0x08000c5c                SVC_Handler
 .text.DebugMon_Handler
                0x08000c6a        0xe CMakeFiles/force_sensor.dir/Core/Src/stm32f4xx_it.c.obj
                0x08000c6a                DebugMon_Handler
 .text.PendSV_Handler
                0x08000c78        0xe CMakeFiles/force_sensor.dir/Core/Src/stm32f4xx_it.c.obj
                0x08000c78                PendSV_Handler
 .text.SysTick_Handler
                0x08000c86        0xc CMakeFiles/force_sensor.dir/Core/Src/stm32f4xx_it.c.obj
                0x08000c86                SysTick_Handler
 *fill*         0x08000c92        0x2 
 .text.DMA1_Stream6_IRQHandler
                0x08000c94       0x14 CMakeFiles/force_sensor.dir/Core/Src/stm32f4xx_it.c.obj
                0x08000c94                DMA1_Stream6_IRQHandler
 .text.HAL_MspInit
                0x08000ca8       0x50 CMakeFiles/force_sensor.dir/Core/Src/stm32f4xx_hal_msp.c.obj
                0x08000ca8                HAL_MspInit
 .text.HAL_ADC_MspInit
                0x08000cf8       0x88 CMakeFiles/force_sensor.dir/Core/Src/stm32f4xx_hal_msp.c.obj
                0x08000cf8                HAL_ADC_MspInit
 .text.HAL_DAC_MspInit
                0x08000d80       0x88 CMakeFiles/force_sensor.dir/Core/Src/stm32f4xx_hal_msp.c.obj
                0x08000d80                HAL_DAC_MspInit
 .text.HAL_UART_MspInit
                0x08000e08       0xf4 CMakeFiles/force_sensor.dir/Core/Src/stm32f4xx_hal_msp.c.obj
                0x08000e08                HAL_UART_MspInit
 .text.HAL_ADC_Init
                0x08000efc       0x86 CMakeFiles/force_sensor.dir/Drivers/STM32F4xx_HAL_Driver/Src/stm32f4xx_hal_adc.c.obj
                0x08000efc                HAL_ADC_Init
 *fill*         0x08000f82        0x2 
 .text.HAL_ADC_Start
                0x08000f84      0x1a4 CMakeFiles/force_sensor.dir/Drivers/STM32F4xx_HAL_Driver/Src/stm32f4xx_hal_adc.c.obj
                0x08000f84                HAL_ADC_Start
 .text.HAL_ADC_PollForConversion
                0x08001128      0x116 CMakeFiles/force_sensor.dir/Drivers/STM32F4xx_HAL_Driver/Src/stm32f4xx_hal_adc.c.obj
                0x08001128                HAL_ADC_PollForConversion
 .text.HAL_ADC_GetValue
                0x0800123e       0x1a CMakeFiles/force_sensor.dir/Drivers/STM32F4xx_HAL_Driver/Src/stm32f4xx_hal_adc.c.obj
                0x0800123e                HAL_ADC_GetValue
 .text.HAL_ADC_ConfigChannel
                0x08001258      0x264 CMakeFiles/force_sensor.dir/Drivers/STM32F4xx_HAL_Driver/Src/stm32f4xx_hal_adc.c.obj
                0x08001258                HAL_ADC_ConfigChannel
 .text.ADC_Init
                0x080014bc      0x1f8 CMakeFiles/force_sensor.dir/Drivers/STM32F4xx_HAL_Driver/Src/stm32f4xx_hal_adc.c.obj
 .text.HAL_RCC_ClockConfig
                0x080016b4      0x1cc CMakeFiles/force_sensor.dir/Drivers/STM32F4xx_HAL_Driver/Src/stm32f4xx_hal_rcc.c.obj
                0x080016b4                HAL_RCC_ClockConfig
 .text.HAL_RCC_GetHCLKFreq
                0x08001880       0x18 CMakeFiles/force_sensor.dir/Drivers/STM32F4xx_HAL_Driver/Src/stm32f4xx_hal_rcc.c.obj
                0x08001880                HAL_RCC_GetHCLKFreq
 .text.HAL_RCC_GetPCLK1Freq
                0x08001898       0x28 CMakeFiles/force_sensor.dir/Drivers/STM32F4xx_HAL_Driver/Src/stm32f4xx_hal_rcc.c.obj
                0x08001898                HAL_RCC_GetPCLK1Freq
 .text.HAL_RCC_GetPCLK2Freq
                0x080018c0       0x28 CMakeFiles/force_sensor.dir/Drivers/STM32F4xx_HAL_Driver/Src/stm32f4xx_hal_rcc.c.obj
                0x080018c0                HAL_RCC_GetPCLK2Freq
 .text.HAL_RCC_GetSysClockFreq
                0x080018e8      0x460 CMakeFiles/force_sensor.dir/Drivers/STM32F4xx_HAL_Driver/Src/stm32f4xx_hal_rcc_ex.c.obj
                0x080018e8                HAL_RCC_GetSysClockFreq
 .text.HAL_RCC_OscConfig
                0x08001d48      0x53c CMakeFiles/force_sensor.dir/Drivers/STM32F4xx_HAL_Driver/Src/stm32f4xx_hal_rcc_ex.c.obj
                0x08001d48                HAL_RCC_OscConfig
 .text.HAL_GPIO_Init
                0x08002284      0x328 CMakeFiles/force_sensor.dir/Drivers/STM32F4xx_HAL_Driver/Src/stm32f4xx_hal_gpio.c.obj
                0x08002284                HAL_GPIO_Init
 .text.HAL_GPIO_WritePin
                0x080025ac       0x32 CMakeFiles/force_sensor.dir/Drivers/STM32F4xx_HAL_Driver/Src/stm32f4xx_hal_gpio.c.obj
                0x080025ac                HAL_GPIO_WritePin
 .text.HAL_GPIO_TogglePin
                0x080025de       0x34 CMakeFiles/force_sensor.dir/Drivers/STM32F4xx_HAL_Driver/Src/stm32f4xx_hal_gpio.c.obj
                0x080025de                HAL_GPIO_TogglePin
 *fill*         0x08002612        0x2 
 .text.HAL_DMA_Init
                0x08002614      0x15c CMakeFiles/force_sensor.dir/Drivers/STM32F4xx_HAL_Driver/Src/stm32f4xx_hal_dma.c.obj
                0x08002614                HAL_DMA_Init
 .text.HAL_DMA_IRQHandler
                0x08002770      0x314 CMakeFiles/force_sensor.dir/Drivers/STM32F4xx_HAL_Driver/Src/stm32f4xx_hal_dma.c.obj
                0x08002770                HAL_DMA_IRQHandler
 .text.DMA_CalcBaseAndBitshift
                0x08002a84       0x6c CMakeFiles/force_sensor.dir/Drivers/STM32F4xx_HAL_Driver/Src/stm32f4xx_hal_dma.c.obj
 .text.DMA_CheckFifoParam
                0x08002af0       0xf8 CMakeFiles/force_sensor.dir/Drivers/STM32F4xx_HAL_Driver/Src/stm32f4xx_hal_dma.c.obj
 .text.__NVIC_SetPriorityGrouping
                0x08002be8       0x48 CMakeFiles/force_sensor.dir/Drivers/STM32F4xx_HAL_Driver/Src/stm32f4xx_hal_cortex.c.obj
 .text.__NVIC_GetPriorityGrouping
                0x08002c30       0x1c CMakeFiles/force_sensor.dir/Drivers/STM32F4xx_HAL_Driver/Src/stm32f4xx_hal_cortex.c.obj
 .text.__NVIC_EnableIRQ
                0x08002c4c       0x3c CMakeFiles/force_sensor.dir/Drivers/STM32F4xx_HAL_Driver/Src/stm32f4xx_hal_cortex.c.obj
 .text.__NVIC_SetPriority
                0x08002c88       0x54 CMakeFiles/force_sensor.dir/Drivers/STM32F4xx_HAL_Driver/Src/stm32f4xx_hal_cortex.c.obj
 .text.NVIC_EncodePriority
                0x08002cdc       0x66 CMakeFiles/force_sensor.dir/Drivers/STM32F4xx_HAL_Driver/Src/stm32f4xx_hal_cortex.c.obj
 *fill*         0x08002d42        0x2 
 .text.SysTick_Config
                0x08002d44       0x44 CMakeFiles/force_sensor.dir/Drivers/STM32F4xx_HAL_Driver/Src/stm32f4xx_hal_cortex.c.obj
 .text.HAL_NVIC_SetPriorityGrouping
                0x08002d88       0x16 CMakeFiles/force_sensor.dir/Drivers/STM32F4xx_HAL_Driver/Src/stm32f4xx_hal_cortex.c.obj
                0x08002d88                HAL_NVIC_SetPriorityGrouping
 .text.HAL_NVIC_SetPriority
                0x08002d9e       0x38 CMakeFiles/force_sensor.dir/Drivers/STM32F4xx_HAL_Driver/Src/stm32f4xx_hal_cortex.c.obj
                0x08002d9e                HAL_NVIC_SetPriority
 .text.HAL_NVIC_EnableIRQ
                0x08002dd6       0x1c CMakeFiles/force_sensor.dir/Drivers/STM32F4xx_HAL_Driver/Src/stm32f4xx_hal_cortex.c.obj
                0x08002dd6                HAL_NVIC_EnableIRQ
 .text.HAL_SYSTICK_Config
                0x08002df2       0x18 CMakeFiles/force_sensor.dir/Drivers/STM32F4xx_HAL_Driver/Src/stm32f4xx_hal_cortex.c.obj
                0x08002df2                HAL_SYSTICK_Config
 *fill*         0x08002e0a        0x2 
 .text.HAL_Init
                0x08002e0c       0x44 CMakeFiles/force_sensor.dir/Drivers/STM32F4xx_HAL_Driver/Src/stm32f4xx_hal.c.obj
                0x08002e0c                HAL_Init
 .text.HAL_InitTick
                0x08002e50       0x60 CMakeFiles/force_sensor.dir/Drivers/STM32F4xx_HAL_Driver/Src/stm32f4xx_hal.c.obj
                0x08002e50                HAL_InitTick
 .text.HAL_IncTick
                0x08002eb0       0x28 CMakeFiles/force_sensor.dir/Drivers/STM32F4xx_HAL_Driver/Src/stm32f4xx_hal.c.obj
                0x08002eb0                HAL_IncTick
 .text.HAL_GetTick
                0x08002ed8       0x18 CMakeFiles/force_sensor.dir/Drivers/STM32F4xx_HAL_Driver/Src/stm32f4xx_hal.c.obj
                0x08002ed8                HAL_GetTick
 .text.HAL_DAC_Init
                0x08002ef0       0x44 CMakeFiles/force_sensor.dir/Drivers/STM32F4xx_HAL_Driver/Src/stm32f4xx_hal_dac.c.obj
                0x08002ef0                HAL_DAC_Init
 .text.HAL_DAC_Start
                0x08002f34       0xae CMakeFiles/force_sensor.dir/Drivers/STM32F4xx_HAL_Driver/Src/stm32f4xx_hal_dac.c.obj
                0x08002f34                HAL_DAC_Start
 .text.HAL_DAC_SetValue
                0x08002fe2       0x54 CMakeFiles/force_sensor.dir/Drivers/STM32F4xx_HAL_Driver/Src/stm32f4xx_hal_dac.c.obj
                0x08002fe2                HAL_DAC_SetValue
 .text.HAL_DAC_ConfigChannel
                0x08003036       0xb2 CMakeFiles/force_sensor.dir/Drivers/STM32F4xx_HAL_Driver/Src/stm32f4xx_hal_dac.c.obj
                0x08003036                HAL_DAC_ConfigChannel
 .text.HAL_UART_Init
                0x080030e8       0xa0 CMakeFiles/force_sensor.dir/Drivers/STM32F4xx_HAL_Driver/Src/stm32f4xx_hal_uart.c.obj
                0x080030e8                HAL_UART_Init
 .text.HAL_UART_Transmit
                0x08003188      0x116 CMakeFiles/force_sensor.dir/Drivers/STM32F4xx_HAL_Driver/Src/stm32f4xx_hal_uart.c.obj
                0x08003188                HAL_UART_Transmit
 .text.UART_WaitOnFlagUntilTimeout
                0x0800329e       0xb2 CMakeFiles/force_sensor.dir/Drivers/STM32F4xx_HAL_Driver/Src/stm32f4xx_hal_uart.c.obj
 .text.UART_EndRxTransfer
                0x08003350       0xc6 CMakeFiles/force_sensor.dir/Drivers/STM32F4xx_HAL_Driver/Src/stm32f4xx_hal_uart.c.obj
 *fill*         0x08003416        0x2 
 .text.UART_SetConfig
                0x08003418      0x4e8 CMakeFiles/force_sensor.dir/Drivers/STM32F4xx_HAL_Driver/Src/stm32f4xx_hal_uart.c.obj
 .text.SystemInit
                0x08003900       0x24 CMakeFiles/force_sensor.dir/Core/Src/system_stm32f4xx.c.obj
                0x08003900                SystemInit
 .text._sbrk    0x08003924       0x6c CMakeFiles/force_sensor.dir/Core/Src/sysmem.c.obj
                0x08003924                _sbrk
 .text.Reset_Handler
                0x08003990       0x50 CMakeFiles/force_sensor.dir/startup_stm32f446xx.s.obj
                0x08003990                Reset_Handler
 .text.Default_Handler
                0x080039e0        0x2 CMakeFiles/force_sensor.dir/startup_stm32f446xx.s.obj
                0x080039e0                RTC_Alarm_IRQHandler
                0x080039e0                EXTI2_IRQHandler
                0x080039e0                TIM8_CC_IRQHandler
                0x080039e0                FMPI2C1_EV_IRQHandler
                0x080039e0                SPI4_IRQHandler
                0x080039e0                TIM1_CC_IRQHandler
                0x080039e0                DMA2_Stream5_IRQHandler
                0x080039e0                DMA1_Stream5_IRQHandler
                0x080039e0                PVD_IRQHandler
                0x080039e0                SDIO_IRQHandler
                0x080039e0                TAMP_STAMP_IRQHandler
                0x080039e0                CAN2_RX1_IRQHandler
                0x080039e0                EXTI3_IRQHandler
                0x080039e0                TIM8_TRG_COM_TIM14_IRQHandler
                0x080039e0                TIM1_UP_TIM10_IRQHandler
                0x080039e0                TIM8_UP_TIM13_IRQHandler
                0x080039e0                I2C3_ER_IRQHandler
                0x080039e0                EXTI0_IRQHandler
                0x080039e0                I2C2_EV_IRQHandler
                0x080039e0                DMA1_Stream2_IRQHandler
                0x080039e0                CAN1_RX0_IRQHandler
                0x080039e0                FPU_IRQHandler
                0x080039e0                OTG_HS_WKUP_IRQHandler
                0x080039e0                CAN2_SCE_IRQHandler
                0x080039e0                DMA2_Stream2_IRQHandler
                0x080039e0                SPI1_IRQHandler
                0x080039e0                TIM6_DAC_IRQHandler
                0x080039e0                TIM1_BRK_TIM9_IRQHandler
                0x080039e0                DCMI_IRQHandler
                0x080039e0                CAN2_RX0_IRQHandler
                0x080039e0                DMA2_Stream3_IRQHandler
                0x080039e0                SAI2_IRQHandler
                0x080039e0                USART6_IRQHandler
                0x080039e0                USART3_IRQHandler
                0x080039e0                CAN1_RX1_IRQHandler
                0x080039e0                UART5_IRQHandler
                0x080039e0                DMA2_Stream0_IRQHandler
                0x080039e0                TIM4_IRQHandler
                0x080039e0                QUADSPI_IRQHandler
                0x080039e0                I2C1_EV_IRQHandler
                0x080039e0                DMA1_Stream1_IRQHandler
                0x080039e0                UART4_IRQHandler
                0x080039e0                TIM3_IRQHandler
                0x080039e0                RCC_IRQHandler
                0x080039e0                TIM8_BRK_TIM12_IRQHandler
                0x080039e0                Default_Handler
                0x080039e0                CEC_IRQHandler
                0x080039e0                EXTI15_10_IRQHandler
                0x080039e0                ADC_IRQHandler
                0x080039e0                DMA1_Stream7_IRQHandler
                0x080039e0                TIM7_IRQHandler
                0x080039e0                CAN2_TX_IRQHandler
                0x080039e0                TIM5_IRQHandler
                0x080039e0                DMA2_Stream7_IRQHandler
                0x080039e0                I2C3_EV_IRQHandler
                0x080039e0                EXTI9_5_IRQHandler
                0x080039e0                RTC_WKUP_IRQHandler
                0x080039e0                SPDIF_RX_IRQHandler
                0x080039e0                SPI2_IRQHandler
                0x080039e0                OTG_HS_EP1_IN_IRQHandler
                0x080039e0                DMA1_Stream0_IRQHandler
                0x080039e0                CAN1_TX_IRQHandler
                0x080039e0                FMPI2C1_ER_IRQHandler
                0x080039e0                EXTI4_IRQHandler
                0x080039e0                OTG_HS_EP1_OUT_IRQHandler
                0x080039e0                WWDG_IRQHandler
                0x080039e0                TIM2_IRQHandler
                0x080039e0                OTG_FS_WKUP_IRQHandler
                0x080039e0                TIM1_TRG_COM_TIM11_IRQHandler
                0x080039e0                OTG_HS_IRQHandler
                0x080039e0                EXTI1_IRQHandler
                0x080039e0                USART2_IRQHandler
                0x080039e0                I2C2_ER_IRQHandler
                0x080039e0                DMA2_Stream1_IRQHandler
                0x080039e0                CAN1_SCE_IRQHandler
                0x080039e0                FLASH_IRQHandler
                0x080039e0                DMA2_Stream4_IRQHandler
                0x080039e0                USART1_IRQHandler
                0x080039e0                OTG_FS_IRQHandler
                0x080039e0                SPI3_IRQHandler
                0x080039e0                DMA1_Stream4_IRQHandler
                0x080039e0                I2C1_ER_IRQHandler
                0x080039e0                FMC_IRQHandler
                0x080039e0                DMA2_Stream6_IRQHandler
                0x080039e0                SAI1_IRQHandler
                0x080039e0                DMA1_Stream3_IRQHandler
 *fill*         0x080039e2        0x2 
 .text.sprintf  0x080039e4       0x40 C:/ST/STM32CubeCLT_1.16.0/GNU-tools-for-STM32/bin/../lib/gcc/arm-none-eabi/12.3.1/../../../../arm-none-eabi/lib/thumb/v7e-m+fp/hard\libg_nano.a(libc_a-sprintf.o)
                0x080039e4                siprintf
                0x080039e4                sprintf
 .text.__errno  0x08003a24        0xc C:/ST/STM32CubeCLT_1.16.0/GNU-tools-for-STM32/bin/../lib/gcc/arm-none-eabi/12.3.1/../../../../arm-none-eabi/lib/thumb/v7e-m+fp/hard\libg_nano.a(libc_a-errno.o)
                0x08003a24                __errno
 .text.__ssputs_r
                0x08003a30       0xb6 C:/ST/STM32CubeCLT_1.16.0/GNU-tools-for-STM32/bin/../lib/gcc/arm-none-eabi/12.3.1/../../../../arm-none-eabi/lib/thumb/v7e-m+fp/hard\libg_nano.a(libc_a-nano-svfprintf.o)
                0x08003a30                __ssputs_r
 *fill*         0x08003ae6        0x2 
 .text._svfprintf_r
                0x08003ae8      0x1f8 C:/ST/STM32CubeCLT_1.16.0/GNU-tools-for-STM32/bin/../lib/gcc/arm-none-eabi/12.3.1/../../../../arm-none-eabi/lib/thumb/v7e-m+fp/hard\libg_nano.a(libc_a-nano-svfprintf.o)
                0x08003ae8                _svfiprintf_r
                0x08003ae8                _svfprintf_r
 .text._printf_common
                0x08003ce0       0xda C:/ST/STM32CubeCLT_1.16.0/GNU-tools-for-STM32/bin/../lib/gcc/arm-none-eabi/12.3.1/../../../../arm-none-eabi/lib/thumb/v7e-m+fp/hard\libg_nano.a(libc_a-nano-vfprintf_i.o)
                0x08003ce0                _printf_common
 *fill*         0x08003dba        0x2 
 .text._printf_i
                0x08003dbc      0x240 C:/ST/STM32CubeCLT_1.16.0/GNU-tools-for-STM32/bin/../lib/gcc/arm-none-eabi/12.3.1/../../../../arm-none-eabi/lib/thumb/v7e-m+fp/hard\libg_nano.a(libc_a-nano-vfprintf_i.o)
                0x08003dbc                _printf_i
 .text.memmove  0x08003ffc       0x34 C:/ST/STM32CubeCLT_1.16.0/GNU-tools-for-STM32/bin/../lib/gcc/arm-none-eabi/12.3.1/../../../../arm-none-eabi/lib/thumb/v7e-m+fp/hard\libg_nano.a(libc_a-memmove.o)
                0x08003ffc                memmove
 .text.memcpy   0x08004030       0x1c C:/ST/STM32CubeCLT_1.16.0/GNU-tools-for-STM32/bin/../lib/gcc/arm-none-eabi/12.3.1/../../../../arm-none-eabi/lib/thumb/v7e-m+fp/hard\libg_nano.a(libc_a-memcpy-stub.o)
                0x08004030                memcpy
 .text._realloc_r
                0x0800404c       0x5c C:/ST/STM32CubeCLT_1.16.0/GNU-tools-for-STM32/bin/../lib/gcc/arm-none-eabi/12.3.1/../../../../arm-none-eabi/lib/thumb/v7e-m+fp/hard\libg_nano.a(libc_a-reallocr.o)
                0x0800404c                _realloc_r
 .text._malloc_usable_size_r
                0x080040a8       0x10 C:/ST/STM32CubeCLT_1.16.0/GNU-tools-for-STM32/bin/../lib/gcc/arm-none-eabi/12.3.1/../../../../arm-none-eabi/lib/thumb/v7e-m+fp/hard\libg_nano.a(libc_a-msizer.o)
                0x080040a8                _malloc_usable_size_r
 *(.glue_7)
 .glue_7        0x080040b8        0x0 linker stubs
 *(.glue_7t)
 .glue_7t       0x080040b8        0x0 linker stubs
 *(.eh_frame)
 .eh_frame      0x080040b8        0x0 C:/ST/STM32CubeCLT_1.16.0/GNU-tools-for-STM32/bin/../lib/gcc/arm-none-eabi/12.3.1/thumb/v7e-m+fp/hard/crtbegin.o
 *(.init)
 .init          0x080040b8        0x4 C:/ST/STM32CubeCLT_1.16.0/GNU-tools-for-STM32/bin/../lib/gcc/arm-none-eabi/12.3.1/thumb/v7e-m+fp/hard/crti.o
                0x080040b8                _init
 .init          0x080040bc        0x8 C:/ST/STM32CubeCLT_1.16.0/GNU-tools-for-STM32/bin/../lib/gcc/arm-none-eabi/12.3.1/thumb/v7e-m+fp/hard/crtn.o
 *(.fini)
 .fini          0x080040c4        0x4 C:/ST/STM32CubeCLT_1.16.0/GNU-tools-for-STM32/bin/../lib/gcc/arm-none-eabi/12.3.1/thumb/v7e-m+fp/hard/crti.o
                0x080040c4                _fini
 .fini          0x080040c8        0x8 C:/ST/STM32CubeCLT_1.16.0/GNU-tools-for-STM32/bin/../lib/gcc/arm-none-eabi/12.3.1/thumb/v7e-m+fp/hard/crtn.o
                0x080040d0                        . = ALIGN (0x4)
                0x080040d0                        _etext = .

.vfp11_veneer   0x080040d0        0x0
 .vfp11_veneer  0x080040d0        0x0 linker stubs

.v4_bx          0x080040d0        0x0
 .v4_bx         0x080040d0        0x0 linker stubs

.iplt           0x080040d0        0x0
 .iplt          0x080040d0        0x0 C:/ST/STM32CubeCLT_1.16.0/GNU-tools-for-STM32/bin/../lib/gcc/arm-none-eabi/12.3.1/thumb/v7e-m+fp/hard/crtbegin.o

.rodata         0x080040d0       0x5c
                0x080040d0                        . = ALIGN (0x4)
 *(.rodata)
 .rodata        0x080040d0        0x6 CMakeFiles/force_sensor.dir/Core/Src/main.c.obj
 *(.rodata*)
 *fill*         0x080040d6        0x2 
 .rodata.flagBitshiftOffset.0
                0x080040d8        0x8 CMakeFiles/force_sensor.dir/Drivers/STM32F4xx_HAL_Driver/Src/stm32f4xx_hal_dma.c.obj
 .rodata.AHBPrescTable
                0x080040e0       0x10 CMakeFiles/force_sensor.dir/Core/Src/system_stm32f4xx.c.obj
                0x080040e0                AHBPrescTable
 .rodata.APBPrescTable
                0x080040f0        0x8 CMakeFiles/force_sensor.dir/Core/Src/system_stm32f4xx.c.obj
                0x080040f0                APBPrescTable
 .rodata._svfprintf_r.str1.1
                0x080040f8       0x11 C:/ST/STM32CubeCLT_1.16.0/GNU-tools-for-STM32/bin/../lib/gcc/arm-none-eabi/12.3.1/../../../../arm-none-eabi/lib/thumb/v7e-m+fp/hard\libg_nano.a(libc_a-nano-svfprintf.o)
 .rodata._printf_i.str1.1
                0x08004109       0x22 C:/ST/STM32CubeCLT_1.16.0/GNU-tools-for-STM32/bin/../lib/gcc/arm-none-eabi/12.3.1/../../../../arm-none-eabi/lib/thumb/v7e-m+fp/hard\libg_nano.a(libc_a-nano-vfprintf_i.o)
                0x0800412c                        . = ALIGN (0x4)
 *fill*         0x0800412b        0x1 

.ARM.extab      0x0800412c        0x0
                0x0800412c                        . = ALIGN (0x4)
 *(.ARM.extab* .gnu.linkonce.armextab.*)
                0x0800412c                        . = ALIGN (0x4)

.ARM            0x0800412c        0x8
                0x0800412c                        . = ALIGN (0x4)
                0x0800412c                        __exidx_start = .
 *(.ARM.exidx*)
 .ARM.exidx     0x0800412c        0x8 C:/ST/STM32CubeCLT_1.16.0/GNU-tools-for-STM32/bin/../lib/gcc/arm-none-eabi/12.3.1/thumb/v7e-m+fp/hard\libgcc.a(_udivmoddi4.o)
 .ARM.exidx     0x08004134        0x0 C:/ST/STM32CubeCLT_1.16.0/GNU-tools-for-STM32/bin/../lib/gcc/arm-none-eabi/12.3.1/../../../../arm-none-eabi/lib/thumb/v7e-m+fp/hard\libg_nano.a(libc_a-strlen.o)
                                  0x8 (size before relaxing)
 .ARM.exidx     0x08004134        0x0 C:/ST/STM32CubeCLT_1.16.0/GNU-tools-for-STM32/bin/../lib/gcc/arm-none-eabi/12.3.1/../../../../arm-none-eabi/lib/thumb/v7e-m+fp/hard\libg_nano.a(libc_a-memchr.o)
                                  0x8 (size before relaxing)
                0x08004134                        __exidx_end = .
                0x08004134                        . = ALIGN (0x4)

.preinit_array  0x08004134        0x0
                0x08004134                        . = ALIGN (0x4)
                0x08004134                        PROVIDE (__preinit_array_start = .)
 *(.preinit_array*)
                0x08004134                        PROVIDE (__preinit_array_end = .)
                0x08004134                        . = ALIGN (0x4)

.init_array     0x08004134        0x4
                0x08004134                        . = ALIGN (0x4)
                0x08004134                        PROVIDE (__init_array_start = .)
 *(SORT_BY_NAME(.init_array.*))
 *(.init_array*)
 .init_array    0x08004134        0x4 C:/ST/STM32CubeCLT_1.16.0/GNU-tools-for-STM32/bin/../lib/gcc/arm-none-eabi/12.3.1/thumb/v7e-m+fp/hard/crtbegin.o
                0x08004138                        PROVIDE (__init_array_end = .)
                0x08004138                        . = ALIGN (0x4)

.fini_array     0x08004138        0x4
                0x08004138                        . = ALIGN (0x4)
                [!provide]                        PROVIDE (__fini_array_start = .)
 *(SORT_BY_NAME(.fini_array.*))
 *(.fini_array*)
 .fini_array    0x08004138        0x4 C:/ST/STM32CubeCLT_1.16.0/GNU-tools-for-STM32/bin/../lib/gcc/arm-none-eabi/12.3.1/thumb/v7e-m+fp/hard/crtbegin.o
                [!provide]                        PROVIDE (__fini_array_end = .)
                0x0800413c                        . = ALIGN (0x4)
                0x0800413c                        _sidata = LOADADDR (.data)

.rel.dyn        0x0800413c        0x0
 .rel.iplt      0x0800413c        0x0 C:/ST/STM32CubeCLT_1.16.0/GNU-tools-for-STM32/bin/../lib/gcc/arm-none-eabi/12.3.1/thumb/v7e-m+fp/hard/crtbegin.o

.data           0x20000000       0x5c load address 0x0800413c
                0x20000000                        . = ALIGN (0x4)
                0x20000000                        _sdata = .
 *(.data)
 *(.data*)
 .data._impure_ptr
                0x20000000        0x4 C:/ST/STM32CubeCLT_1.16.0/GNU-tools-for-STM32/bin/../lib/gcc/arm-none-eabi/12.3.1/../../../../arm-none-eabi/lib/thumb/v7e-m+fp/hard\libc_nano.a(libc_a-impure.o)
                0x20000000                _impure_ptr
 .data._impure_data
                0x20000004       0x4c C:/ST/STM32CubeCLT_1.16.0/GNU-tools-for-STM32/bin/../lib/gcc/arm-none-eabi/12.3.1/../../../../arm-none-eabi/lib/thumb/v7e-m+fp/hard\libc_nano.a(libc_a-impure.o)
                0x20000004                _impure_data
 .data.uwTickPrio
                0x20000050        0x4 CMakeFiles/force_sensor.dir/Drivers/STM32F4xx_HAL_Driver/Src/stm32f4xx_hal.c.obj
                0x20000050                uwTickPrio
 .data.uwTickFreq
                0x20000054        0x1 CMakeFiles/force_sensor.dir/Drivers/STM32F4xx_HAL_Driver/Src/stm32f4xx_hal.c.obj
                0x20000054                uwTickFreq
 *fill*         0x20000055        0x3 
 .data.SystemCoreClock
                0x20000058        0x4 CMakeFiles/force_sensor.dir/Core/Src/system_stm32f4xx.c.obj
                0x20000058                SystemCoreClock
 *(.RamFunc)
 *(.RamFunc*)
                0x2000005c                        . = ALIGN (0x4)
                0x2000005c                        _edata = .

.igot.plt       0x2000005c        0x0 load address 0x08004198
 .igot.plt      0x2000005c        0x0 C:/ST/STM32CubeCLT_1.16.0/GNU-tools-for-STM32/bin/../lib/gcc/arm-none-eabi/12.3.1/thumb/v7e-m+fp/hard/crtbegin.o
                0x2000005c                        . = ALIGN (0x4)

.bss            0x2000005c      0x270 load address 0x08004198
                0x2000005c                        _sbss = .
                0x2000005c                        __bss_start__ = _sbss
 *(.bss)
 .bss           0x2000005c       0x1c C:/ST/STM32CubeCLT_1.16.0/GNU-tools-for-STM32/bin/../lib/gcc/arm-none-eabi/12.3.1/thumb/v7e-m+fp/hard/crtbegin.o
 *(.bss*)
 .bss.__sf      0x20000078      0x138 C:/ST/STM32CubeCLT_1.16.0/GNU-tools-for-STM32/bin/../lib/gcc/arm-none-eabi/12.3.1/../../../../arm-none-eabi/lib/thumb/v7e-m+fp/hard\libc_nano.a(libc_a-findfp.o)
                0x20000078                __sf
 .bss.errno     0x200001b0        0x4 C:/ST/STM32CubeCLT_1.16.0/GNU-tools-for-STM32/bin/../lib/gcc/arm-none-eabi/12.3.1/../../../../arm-none-eabi/lib/thumb/v7e-m+fp/hard\libc_nano.a(libc_a-reent.o)
                0x200001b0                errno
 .bss.__lock___malloc_recursive_mutex
                0x200001b4        0x1 C:/ST/STM32CubeCLT_1.16.0/GNU-tools-for-STM32/bin/../lib/gcc/arm-none-eabi/12.3.1/../../../../arm-none-eabi/lib/thumb/v7e-m+fp/hard\libc_nano.a(libc_a-lock.o)
                0x200001b4                __lock___malloc_recursive_mutex
 *fill*         0x200001b5        0x3 
 .bss.__malloc_sbrk_start
                0x200001b8        0x4 C:/ST/STM32CubeCLT_1.16.0/GNU-tools-for-STM32/bin/../lib/gcc/arm-none-eabi/12.3.1/../../../../arm-none-eabi/lib/thumb/v7e-m+fp/hard\libc_nano.a(libc_a-mallocr.o)
                0x200001b8                __malloc_sbrk_start
 .bss.__malloc_free_list
                0x200001bc        0x4 C:/ST/STM32CubeCLT_1.16.0/GNU-tools-for-STM32/bin/../lib/gcc/arm-none-eabi/12.3.1/../../../../arm-none-eabi/lib/thumb/v7e-m+fp/hard\libc_nano.a(libc_a-mallocr.o)
                0x200001bc                __malloc_free_list
 .bss.hadc1     0x200001c0       0x48 CMakeFiles/force_sensor.dir/Core/Src/main.c.obj
                0x200001c0                hadc1
 .bss.hdac      0x20000208       0x14 CMakeFiles/force_sensor.dir/Core/Src/main.c.obj
                0x20000208                hdac
 .bss.huart2    0x2000021c       0x48 CMakeFiles/force_sensor.dir/Core/Src/main.c.obj
                0x2000021c                huart2
 .bss.hdma_usart2_tx
                0x20000264       0x60 CMakeFiles/force_sensor.dir/Core/Src/main.c.obj
                0x20000264                hdma_usart2_tx
 .bss.uwTick    0x200002c4        0x4 CMakeFiles/force_sensor.dir/Drivers/STM32F4xx_HAL_Driver/Src/stm32f4xx_hal.c.obj
                0x200002c4                uwTick
 .bss.__sbrk_heap_end
                0x200002c8        0x4 CMakeFiles/force_sensor.dir/Core/Src/sysmem.c.obj
 *(COMMON)
                0x200002cc                        . = ALIGN (0x4)
                0x200002cc                        _ebss = .
                0x200002cc                        __bss_end__ = _ebss

._user_heap_stack
                0x200002cc      0x604 load address 0x08004198
                0x200002d0                        . = ALIGN (0x8)
 *fill*         0x200002cc        0x4 
                [!provide]                        PROVIDE (end = .)
                0x200002d0                        PROVIDE (_end = .)
                0x200004d0                        . = (. + _Min_Heap_Size)
 *fill*         0x200002d0      0x200 
                0x200008d0                        . = (. + _Min_Stack_Size)
 *fill*         0x200004d0      0x400 
                0x200008d0                        . = ALIGN (0x8)

/DISCARD/
 libc.a(*)
 libm.a(*)
 libgcc.a(*)

.ARM.attributes
                0x00000000       0x30
 *(.ARM.attributes)
 .ARM.attributes
                0x00000000       0x22 C:/ST/STM32CubeCLT_1.16.0/GNU-tools-for-STM32/bin/../lib/gcc/arm-none-eabi/12.3.1/thumb/v7e-m+fp/hard/crti.o
 .ARM.attributes
                0x00000022       0x34 C:/ST/STM32CubeCLT_1.16.0/GNU-tools-for-STM32/bin/../lib/gcc/arm-none-eabi/12.3.1/thumb/v7e-m+fp/hard/crtbegin.o
 .ARM.attributes
                0x00000056       0x34 C:/ST/STM32CubeCLT_1.16.0/GNU-tools-for-STM32/bin/../lib/gcc/arm-none-eabi/12.3.1/../../../../arm-none-eabi/lib/thumb/v7e-m+fp/hard\libc_nano.a(libc_a-findfp.o)
 .ARM.attributes
                0x0000008a       0x34 C:/ST/STM32CubeCLT_1.16.0/GNU-tools-for-STM32/bin/../lib/gcc/arm-none-eabi/12.3.1/../../../../arm-none-eabi/lib/thumb/v7e-m+fp/hard\libc_nano.a(libc_a-memset.o)
 .ARM.attributes
                0x000000be       0x34 C:/ST/STM32CubeCLT_1.16.0/GNU-tools-for-STM32/bin/../lib/gcc/arm-none-eabi/12.3.1/../../../../arm-none-eabi/lib/thumb/v7e-m+fp/hard\libc_nano.a(libc_a-reent.o)
 .ARM.attributes
                0x000000f2       0x34 C:/ST/STM32CubeCLT_1.16.0/GNU-tools-for-STM32/bin/../lib/gcc/arm-none-eabi/12.3.1/../../../../arm-none-eabi/lib/thumb/v7e-m+fp/hard\libc_nano.a(libc_a-impure.o)
 .ARM.attributes
                0x00000126       0x34 C:/ST/STM32CubeCLT_1.16.0/GNU-tools-for-STM32/bin/../lib/gcc/arm-none-eabi/12.3.1/../../../../arm-none-eabi/lib/thumb/v7e-m+fp/hard\libc_nano.a(libc_a-init.o)
 .ARM.attributes
                0x0000015a       0x34 C:/ST/STM32CubeCLT_1.16.0/GNU-tools-for-STM32/bin/../lib/gcc/arm-none-eabi/12.3.1/../../../../arm-none-eabi/lib/thumb/v7e-m+fp/hard\libc_nano.a(libc_a-lock.o)
 .ARM.attributes
                0x0000018e       0x34 C:/ST/STM32CubeCLT_1.16.0/GNU-tools-for-STM32/bin/../lib/gcc/arm-none-eabi/12.3.1/../../../../arm-none-eabi/lib/thumb/v7e-m+fp/hard\libc_nano.a(libc_a-freer.o)
 .ARM.attributes
                0x000001c2       0x34 C:/ST/STM32CubeCLT_1.16.0/GNU-tools-for-STM32/bin/../lib/gcc/arm-none-eabi/12.3.1/../../../../arm-none-eabi/lib/thumb/v7e-m+fp/hard\libc_nano.a(libc_a-mallocr.o)
 .ARM.attributes
                0x000001f6       0x34 C:/ST/STM32CubeCLT_1.16.0/GNU-tools-for-STM32/bin/../lib/gcc/arm-none-eabi/12.3.1/../../../../arm-none-eabi/lib/thumb/v7e-m+fp/hard\libc_nano.a(libc_a-mlock.o)
 .ARM.attributes
                0x0000022a       0x34 C:/ST/STM32CubeCLT_1.16.0/GNU-tools-for-STM32/bin/../lib/gcc/arm-none-eabi/12.3.1/../../../../arm-none-eabi/lib/thumb/v7e-m+fp/hard\libc_nano.a(libc_a-sbrkr.o)
 .ARM.attributes
                0x0000025e       0x34 CMakeFiles/force_sensor.dir/Core/Src/main.c.obj
 .ARM.attributes
                0x00000292       0x34 CMakeFiles/force_sensor.dir/Core/Src/stm32f4xx_it.c.obj
 .ARM.attributes
                0x000002c6       0x34 CMakeFiles/force_sensor.dir/Core/Src/stm32f4xx_hal_msp.c.obj
 .ARM.attributes
                0x000002fa       0x34 CMakeFiles/force_sensor.dir/Drivers/STM32F4xx_HAL_Driver/Src/stm32f4xx_hal_adc.c.obj
 .ARM.attributes
                0x0000032e       0x34 CMakeFiles/force_sensor.dir/Drivers/STM32F4xx_HAL_Driver/Src/stm32f4xx_hal_rcc.c.obj
 .ARM.attributes
                0x00000362       0x34 CMakeFiles/force_sensor.dir/Drivers/STM32F4xx_HAL_Driver/Src/stm32f4xx_hal_rcc_ex.c.obj
 .ARM.attributes
                0x00000396       0x34 CMakeFiles/force_sensor.dir/Drivers/STM32F4xx_HAL_Driver/Src/stm32f4xx_hal_gpio.c.obj
 .ARM.attributes
                0x000003ca       0x34 CMakeFiles/force_sensor.dir/Drivers/STM32F4xx_HAL_Driver/Src/stm32f4xx_hal_dma.c.obj
 .ARM.attributes
                0x000003fe       0x34 CMakeFiles/force_sensor.dir/Drivers/STM32F4xx_HAL_Driver/Src/stm32f4xx_hal_cortex.c.obj
 .ARM.attributes
                0x00000432       0x34 CMakeFiles/force_sensor.dir/Drivers/STM32F4xx_HAL_Driver/Src/stm32f4xx_hal.c.obj
 .ARM.attributes
                0x00000466       0x34 CMakeFiles/force_sensor.dir/Drivers/STM32F4xx_HAL_Driver/Src/stm32f4xx_hal_dac.c.obj
 .ARM.attributes
                0x0000049a       0x34 CMakeFiles/force_sensor.dir/Drivers/STM32F4xx_HAL_Driver/Src/stm32f4xx_hal_uart.c.obj
 .ARM.attributes
                0x000004ce       0x34 CMakeFiles/force_sensor.dir/Core/Src/system_stm32f4xx.c.obj
 .ARM.attributes
                0x00000502       0x34 CMakeFiles/force_sensor.dir/Core/Src/sysmem.c.obj
 .ARM.attributes
                0x00000536       0x21 CMakeFiles/force_sensor.dir/startup_stm32f446xx.s.obj
 .ARM.attributes
                0x00000557       0x22 C:/ST/STM32CubeCLT_1.16.0/GNU-tools-for-STM32/bin/../lib/gcc/arm-none-eabi/12.3.1/thumb/v7e-m+fp/hard\libgcc.a(_aeabi_uldivmod.o)
 .ARM.attributes
                0x00000579       0x34 C:/ST/STM32CubeCLT_1.16.0/GNU-tools-for-STM32/bin/../lib/gcc/arm-none-eabi/12.3.1/thumb/v7e-m+fp/hard\libgcc.a(_udivmoddi4.o)
 .ARM.attributes
                0x000005ad       0x22 C:/ST/STM32CubeCLT_1.16.0/GNU-tools-for-STM32/bin/../lib/gcc/arm-none-eabi/12.3.1/thumb/v7e-m+fp/hard\libgcc.a(_dvmd_tls.o)
 .ARM.attributes
                0x000005cf       0x34 C:/ST/STM32CubeCLT_1.16.0/GNU-tools-for-STM32/bin/../lib/gcc/arm-none-eabi/12.3.1/../../../../arm-none-eabi/lib/thumb/v7e-m+fp/hard\libg_nano.a(libc_a-sprintf.o)
 .ARM.attributes
                0x00000603       0x34 C:/ST/STM32CubeCLT_1.16.0/GNU-tools-for-STM32/bin/../lib/gcc/arm-none-eabi/12.3.1/../../../../arm-none-eabi/lib/thumb/v7e-m+fp/hard\libg_nano.a(libc_a-errno.o)
 .ARM.attributes
                0x00000637       0x17 C:/ST/STM32CubeCLT_1.16.0/GNU-tools-for-STM32/bin/../lib/gcc/arm-none-eabi/12.3.1/../../../../arm-none-eabi/lib/thumb/v7e-m+fp/hard\libg_nano.a(libc_a-strlen.o)
 .ARM.attributes
                0x0000064e       0x34 C:/ST/STM32CubeCLT_1.16.0/GNU-tools-for-STM32/bin/../lib/gcc/arm-none-eabi/12.3.1/../../../../arm-none-eabi/lib/thumb/v7e-m+fp/hard\libg_nano.a(libc_a-nano-svfprintf.o)
 .ARM.attributes
                0x00000682       0x34 C:/ST/STM32CubeCLT_1.16.0/GNU-tools-for-STM32/bin/../lib/gcc/arm-none-eabi/12.3.1/../../../../arm-none-eabi/lib/thumb/v7e-m+fp/hard\libg_nano.a(libc_a-nano-vfprintf_i.o)
 .ARM.attributes
                0x000006b6       0x34 C:/ST/STM32CubeCLT_1.16.0/GNU-tools-for-STM32/bin/../lib/gcc/arm-none-eabi/12.3.1/../../../../arm-none-eabi/lib/thumb/v7e-m+fp/hard\libg_nano.a(libc_a-memmove.o)
 .ARM.attributes
                0x000006ea       0x1c C:/ST/STM32CubeCLT_1.16.0/GNU-tools-for-STM32/bin/../lib/gcc/arm-none-eabi/12.3.1/../../../../arm-none-eabi/lib/thumb/v7e-m+fp/hard\libg_nano.a(libc_a-memchr.o)
 .ARM.attributes
                0x00000706       0x34 C:/ST/STM32CubeCLT_1.16.0/GNU-tools-for-STM32/bin/../lib/gcc/arm-none-eabi/12.3.1/../../../../arm-none-eabi/lib/thumb/v7e-m+fp/hard\libg_nano.a(libc_a-memcpy-stub.o)
 .ARM.attributes
                0x0000073a       0x34 C:/ST/STM32CubeCLT_1.16.0/GNU-tools-for-STM32/bin/../lib/gcc/arm-none-eabi/12.3.1/../../../../arm-none-eabi/lib/thumb/v7e-m+fp/hard\libg_nano.a(libc_a-reallocr.o)
 .ARM.attributes
                0x0000076e       0x34 C:/ST/STM32CubeCLT_1.16.0/GNU-tools-for-STM32/bin/../lib/gcc/arm-none-eabi/12.3.1/../../../../arm-none-eabi/lib/thumb/v7e-m+fp/hard\libg_nano.a(libc_a-msizer.o)
 .ARM.attributes
                0x000007a2       0x22 C:/ST/STM32CubeCLT_1.16.0/GNU-tools-for-STM32/bin/../lib/gcc/arm-none-eabi/12.3.1/thumb/v7e-m+fp/hard/crtn.o
OUTPUT(force_sensor.elf elf32-littlearm)
LOAD linker stubs
LOAD C:/ST/STM32CubeCLT_1.16.0/GNU-tools-for-STM32/bin/../lib/gcc/arm-none-eabi/12.3.1/../../../../arm-none-eabi/lib/thumb/v7e-m+fp/hard\libc.a
LOAD C:/ST/STM32CubeCLT_1.16.0/GNU-tools-for-STM32/bin/../lib/gcc/arm-none-eabi/12.3.1/../../../../arm-none-eabi/lib/thumb/v7e-m+fp/hard\libm.a
LOAD C:/ST/STM32CubeCLT_1.16.0/GNU-tools-for-STM32/bin/../lib/gcc/arm-none-eabi/12.3.1/thumb/v7e-m+fp/hard\libgcc.a

.debug_frame    0x00000000     0x2a54
 .debug_frame   0x00000000      0x144 C:/ST/STM32CubeCLT_1.16.0/GNU-tools-for-STM32/bin/../lib/gcc/arm-none-eabi/12.3.1/../../../../arm-none-eabi/lib/thumb/v7e-m+fp/hard\libc_nano.a(libc_a-findfp.o)
 .debug_frame   0x00000144       0x20 C:/ST/STM32CubeCLT_1.16.0/GNU-tools-for-STM32/bin/../lib/gcc/arm-none-eabi/12.3.1/../../../../arm-none-eabi/lib/thumb/v7e-m+fp/hard\libc_nano.a(libc_a-memset.o)
 .debug_frame   0x00000164       0x38 C:/ST/STM32CubeCLT_1.16.0/GNU-tools-for-STM32/bin/../lib/gcc/arm-none-eabi/12.3.1/../../../../arm-none-eabi/lib/thumb/v7e-m+fp/hard\libc_nano.a(libc_a-reent.o)
 .debug_frame   0x0000019c       0x2c C:/ST/STM32CubeCLT_1.16.0/GNU-tools-for-STM32/bin/../lib/gcc/arm-none-eabi/12.3.1/../../../../arm-none-eabi/lib/thumb/v7e-m+fp/hard\libc_nano.a(libc_a-init.o)
 .debug_frame   0x000001c8       0xb0 C:/ST/STM32CubeCLT_1.16.0/GNU-tools-for-STM32/bin/../lib/gcc/arm-none-eabi/12.3.1/../../../../arm-none-eabi/lib/thumb/v7e-m+fp/hard\libc_nano.a(libc_a-lock.o)
 .debug_frame   0x00000278       0x38 C:/ST/STM32CubeCLT_1.16.0/GNU-tools-for-STM32/bin/../lib/gcc/arm-none-eabi/12.3.1/../../../../arm-none-eabi/lib/thumb/v7e-m+fp/hard\libc_nano.a(libc_a-freer.o)
 .debug_frame   0x000002b0       0x50 C:/ST/STM32CubeCLT_1.16.0/GNU-tools-for-STM32/bin/../lib/gcc/arm-none-eabi/12.3.1/../../../../arm-none-eabi/lib/thumb/v7e-m+fp/hard\libc_nano.a(libc_a-mallocr.o)
 .debug_frame   0x00000300       0x30 C:/ST/STM32CubeCLT_1.16.0/GNU-tools-for-STM32/bin/../lib/gcc/arm-none-eabi/12.3.1/../../../../arm-none-eabi/lib/thumb/v7e-m+fp/hard\libc_nano.a(libc_a-mlock.o)
 .debug_frame   0x00000330       0x2c C:/ST/STM32CubeCLT_1.16.0/GNU-tools-for-STM32/bin/../lib/gcc/arm-none-eabi/12.3.1/../../../../arm-none-eabi/lib/thumb/v7e-m+fp/hard\libc_nano.a(libc_a-sbrkr.o)
 .debug_frame   0x0000035c      0x13c CMakeFiles/force_sensor.dir/Core/Src/main.c.obj
 .debug_frame   0x00000498      0x120 CMakeFiles/force_sensor.dir/Core/Src/stm32f4xx_it.c.obj
 .debug_frame   0x000005b8      0x10c CMakeFiles/force_sensor.dir/Core/Src/stm32f4xx_hal_msp.c.obj
 .debug_frame   0x000006c4      0x3fc CMakeFiles/force_sensor.dir/Drivers/STM32F4xx_HAL_Driver/Src/stm32f4xx_hal_adc.c.obj
 .debug_frame   0x00000ac0      0x1f4 CMakeFiles/force_sensor.dir/Drivers/STM32F4xx_HAL_Driver/Src/stm32f4xx_hal_rcc.c.obj
 .debug_frame   0x00000cb4      0x1e8 CMakeFiles/force_sensor.dir/Drivers/STM32F4xx_HAL_Driver/Src/stm32f4xx_hal_rcc_ex.c.obj
 .debug_frame   0x00000e9c      0x14c CMakeFiles/force_sensor.dir/Drivers/STM32F4xx_HAL_Driver/Src/stm32f4xx_hal_gpio.c.obj
 .debug_frame   0x00000fe8      0x250 CMakeFiles/force_sensor.dir/Drivers/STM32F4xx_HAL_Driver/Src/stm32f4xx_hal_dma.c.obj
 .debug_frame   0x00001238      0x508 CMakeFiles/force_sensor.dir/Drivers/STM32F4xx_HAL_Driver/Src/stm32f4xx_hal_cortex.c.obj
 .debug_frame   0x00001740      0x374 CMakeFiles/force_sensor.dir/Drivers/STM32F4xx_HAL_Driver/Src/stm32f4xx_hal.c.obj
 .debug_frame   0x00001ab4      0x338 CMakeFiles/force_sensor.dir/Drivers/STM32F4xx_HAL_Driver/Src/stm32f4xx_hal_dac.c.obj
 .debug_frame   0x00001dec      0x954 CMakeFiles/force_sensor.dir/Drivers/STM32F4xx_HAL_Driver/Src/stm32f4xx_hal_uart.c.obj
 .debug_frame   0x00002740       0x58 CMakeFiles/force_sensor.dir/Core/Src/system_stm32f4xx.c.obj
 .debug_frame   0x00002798       0x34 CMakeFiles/force_sensor.dir/Core/Src/sysmem.c.obj
 .debug_frame   0x000027cc       0x2c C:/ST/STM32CubeCLT_1.16.0/GNU-tools-for-STM32/bin/../lib/gcc/arm-none-eabi/12.3.1/thumb/v7e-m+fp/hard\libgcc.a(_aeabi_uldivmod.o)
 .debug_frame   0x000027f8       0x34 C:/ST/STM32CubeCLT_1.16.0/GNU-tools-for-STM32/bin/../lib/gcc/arm-none-eabi/12.3.1/thumb/v7e-m+fp/hard\libgcc.a(_udivmoddi4.o)
 .debug_frame   0x0000282c       0x6c C:/ST/STM32CubeCLT_1.16.0/GNU-tools-for-STM32/bin/../lib/gcc/arm-none-eabi/12.3.1/../../../../arm-none-eabi/lib/thumb/v7e-m+fp/hard\libg_nano.a(libc_a-sprintf.o)
 .debug_frame   0x00002898       0x20 C:/ST/STM32CubeCLT_1.16.0/GNU-tools-for-STM32/bin/../lib/gcc/arm-none-eabi/12.3.1/../../../../arm-none-eabi/lib/thumb/v7e-m+fp/hard\libg_nano.a(libc_a-errno.o)
 .debug_frame   0x000028b8       0x90 C:/ST/STM32CubeCLT_1.16.0/GNU-tools-for-STM32/bin/../lib/gcc/arm-none-eabi/12.3.1/../../../../arm-none-eabi/lib/thumb/v7e-m+fp/hard\libg_nano.a(libc_a-nano-svfprintf.o)
 .debug_frame   0x00002948       0x60 C:/ST/STM32CubeCLT_1.16.0/GNU-tools-for-STM32/bin/../lib/gcc/arm-none-eabi/12.3.1/../../../../arm-none-eabi/lib/thumb/v7e-m+fp/hard\libg_nano.a(libc_a-nano-vfprintf_i.o)
 .debug_frame   0x000029a8       0x28 C:/ST/STM32CubeCLT_1.16.0/GNU-tools-for-STM32/bin/../lib/gcc/arm-none-eabi/12.3.1/../../../../arm-none-eabi/lib/thumb/v7e-m+fp/hard\libg_nano.a(libc_a-memmove.o)
 .debug_frame   0x000029d0       0x28 C:/ST/STM32CubeCLT_1.16.0/GNU-tools-for-STM32/bin/../lib/gcc/arm-none-eabi/12.3.1/../../../../arm-none-eabi/lib/thumb/v7e-m+fp/hard\libg_nano.a(libc_a-memcpy-stub.o)
 .debug_frame   0x000029f8       0x3c C:/ST/STM32CubeCLT_1.16.0/GNU-tools-for-STM32/bin/../lib/gcc/arm-none-eabi/12.3.1/../../../../arm-none-eabi/lib/thumb/v7e-m+fp/hard\libg_nano.a(libc_a-reallocr.o)
 .debug_frame   0x00002a34       0x20 C:/ST/STM32CubeCLT_1.16.0/GNU-tools-for-STM32/bin/../lib/gcc/arm-none-eabi/12.3.1/../../../../arm-none-eabi/lib/thumb/v7e-m+fp/hard\libg_nano.a(libc_a-msizer.o)

.debug_info     0x00000000     0xeedb
 .debug_info    0x00000000     0x153a CMakeFiles/force_sensor.dir/Core/Src/main.c.obj
 .debug_info    0x0000153a      0x3a9 CMakeFiles/force_sensor.dir/Core/Src/stm32f4xx_it.c.obj
 .debug_info    0x000018e3      0xe77 CMakeFiles/force_sensor.dir/Core/Src/stm32f4xx_hal_msp.c.obj
 .debug_info    0x0000275a      0xcd4 CMakeFiles/force_sensor.dir/Drivers/STM32F4xx_HAL_Driver/Src/stm32f4xx_hal_adc.c.obj
 .debug_info    0x0000342e      0x8eb CMakeFiles/force_sensor.dir/Drivers/STM32F4xx_HAL_Driver/Src/stm32f4xx_hal_rcc.c.obj
 .debug_info    0x00003d19      0x956 CMakeFiles/force_sensor.dir/Drivers/STM32F4xx_HAL_Driver/Src/stm32f4xx_hal_rcc_ex.c.obj
 .debug_info    0x0000466f      0x70b CMakeFiles/force_sensor.dir/Drivers/STM32F4xx_HAL_Driver/Src/stm32f4xx_hal_gpio.c.obj
 .debug_info    0x00004d7a      0x8e7 CMakeFiles/force_sensor.dir/Drivers/STM32F4xx_HAL_Driver/Src/stm32f4xx_hal_dma.c.obj
 .debug_info    0x00005661      0xdaa CMakeFiles/force_sensor.dir/Drivers/STM32F4xx_HAL_Driver/Src/stm32f4xx_hal_cortex.c.obj
 .debug_info    0x0000640b      0x99a CMakeFiles/force_sensor.dir/Drivers/STM32F4xx_HAL_Driver/Src/stm32f4xx_hal.c.obj
 .debug_info    0x00006da5      0xa01 CMakeFiles/force_sensor.dir/Drivers/STM32F4xx_HAL_Driver/Src/stm32f4xx_hal_dac.c.obj
 .debug_info    0x000077a6     0x2f4f CMakeFiles/force_sensor.dir/Drivers/STM32F4xx_HAL_Driver/Src/stm32f4xx_hal_uart.c.obj
 .debug_info    0x0000a6f5      0x54a CMakeFiles/force_sensor.dir/Core/Src/system_stm32f4xx.c.obj
 .debug_info    0x0000ac3f      0x168 CMakeFiles/force_sensor.dir/Core/Src/sysmem.c.obj
 .debug_info    0x0000ada7       0x30 CMakeFiles/force_sensor.dir/startup_stm32f446xx.s.obj
 .debug_info    0x0000add7      0x87f C:/ST/STM32CubeCLT_1.16.0/GNU-tools-for-STM32/bin/../lib/gcc/arm-none-eabi/12.3.1/../../../../arm-none-eabi/lib/thumb/v7e-m+fp/hard\libg_nano.a(libc_a-sprintf.o)
 .debug_info    0x0000b656      0x6fb C:/ST/STM32CubeCLT_1.16.0/GNU-tools-for-STM32/bin/../lib/gcc/arm-none-eabi/12.3.1/../../../../arm-none-eabi/lib/thumb/v7e-m+fp/hard\libg_nano.a(libc_a-errno.o)
 .debug_info    0x0000bd51       0x31 C:/ST/STM32CubeCLT_1.16.0/GNU-tools-for-STM32/bin/../lib/gcc/arm-none-eabi/12.3.1/../../../../arm-none-eabi/lib/thumb/v7e-m+fp/hard\libg_nano.a(libc_a-strlen.o)
 .debug_info    0x0000bd82     0x10c7 C:/ST/STM32CubeCLT_1.16.0/GNU-tools-for-STM32/bin/../lib/gcc/arm-none-eabi/12.3.1/../../../../arm-none-eabi/lib/thumb/v7e-m+fp/hard\libg_nano.a(libc_a-nano-svfprintf.o)
 .debug_info    0x0000ce49      0xde2 C:/ST/STM32CubeCLT_1.16.0/GNU-tools-for-STM32/bin/../lib/gcc/arm-none-eabi/12.3.1/../../../../arm-none-eabi/lib/thumb/v7e-m+fp/hard\libg_nano.a(libc_a-nano-vfprintf_i.o)
 .debug_info    0x0000dc2b      0x10f C:/ST/STM32CubeCLT_1.16.0/GNU-tools-for-STM32/bin/../lib/gcc/arm-none-eabi/12.3.1/../../../../arm-none-eabi/lib/thumb/v7e-m+fp/hard\libg_nano.a(libc_a-memmove.o)
 .debug_info    0x0000dd3a       0x25 C:/ST/STM32CubeCLT_1.16.0/GNU-tools-for-STM32/bin/../lib/gcc/arm-none-eabi/12.3.1/../../../../arm-none-eabi/lib/thumb/v7e-m+fp/hard\libg_nano.a(libc_a-memchr.o)
 .debug_info    0x0000dd5f      0x121 C:/ST/STM32CubeCLT_1.16.0/GNU-tools-for-STM32/bin/../lib/gcc/arm-none-eabi/12.3.1/../../../../arm-none-eabi/lib/thumb/v7e-m+fp/hard\libg_nano.a(libc_a-memcpy-stub.o)
 .debug_info    0x0000de80      0x8c7 C:/ST/STM32CubeCLT_1.16.0/GNU-tools-for-STM32/bin/../lib/gcc/arm-none-eabi/12.3.1/../../../../arm-none-eabi/lib/thumb/v7e-m+fp/hard\libg_nano.a(libc_a-reallocr.o)
 .debug_info    0x0000e747      0x794 C:/ST/STM32CubeCLT_1.16.0/GNU-tools-for-STM32/bin/../lib/gcc/arm-none-eabi/12.3.1/../../../../arm-none-eabi/lib/thumb/v7e-m+fp/hard\libg_nano.a(libc_a-msizer.o)

.debug_abbrev   0x00000000     0x2c7f
 .debug_abbrev  0x00000000      0x2ef CMakeFiles/force_sensor.dir/Core/Src/main.c.obj
 .debug_abbrev  0x000002ef      0x169 CMakeFiles/force_sensor.dir/Core/Src/stm32f4xx_it.c.obj
 .debug_abbrev  0x00000458      0x22d CMakeFiles/force_sensor.dir/Core/Src/stm32f4xx_hal_msp.c.obj
 .debug_abbrev  0x00000685      0x252 CMakeFiles/force_sensor.dir/Drivers/STM32F4xx_HAL_Driver/Src/stm32f4xx_hal_adc.c.obj
 .debug_abbrev  0x000008d7      0x2b7 CMakeFiles/force_sensor.dir/Drivers/STM32F4xx_HAL_Driver/Src/stm32f4xx_hal_rcc.c.obj
 .debug_abbrev  0x00000b8e      0x20a CMakeFiles/force_sensor.dir/Drivers/STM32F4xx_HAL_Driver/Src/stm32f4xx_hal_rcc_ex.c.obj
 .debug_abbrev  0x00000d98      0x1d4 CMakeFiles/force_sensor.dir/Drivers/STM32F4xx_HAL_Driver/Src/stm32f4xx_hal_gpio.c.obj
 .debug_abbrev  0x00000f6c      0x264 CMakeFiles/force_sensor.dir/Drivers/STM32F4xx_HAL_Driver/Src/stm32f4xx_hal_dma.c.obj
 .debug_abbrev  0x000011d0      0x31d CMakeFiles/force_sensor.dir/Drivers/STM32F4xx_HAL_Driver/Src/stm32f4xx_hal_cortex.c.obj
 .debug_abbrev  0x000014ed      0x214 CMakeFiles/force_sensor.dir/Drivers/STM32F4xx_HAL_Driver/Src/stm32f4xx_hal.c.obj
 .debug_abbrev  0x00001701      0x1fa CMakeFiles/force_sensor.dir/Drivers/STM32F4xx_HAL_Driver/Src/stm32f4xx_hal_dac.c.obj
 .debug_abbrev  0x000018fb      0x30e CMakeFiles/force_sensor.dir/Drivers/STM32F4xx_HAL_Driver/Src/stm32f4xx_hal_uart.c.obj
 .debug_abbrev  0x00001c09      0x11a CMakeFiles/force_sensor.dir/Core/Src/system_stm32f4xx.c.obj
 .debug_abbrev  0x00001d23       0xbc CMakeFiles/force_sensor.dir/Core/Src/sysmem.c.obj
 .debug_abbrev  0x00001ddf       0x24 CMakeFiles/force_sensor.dir/startup_stm32f446xx.s.obj
 .debug_abbrev  0x00001e03      0x21c C:/ST/STM32CubeCLT_1.16.0/GNU-tools-for-STM32/bin/../lib/gcc/arm-none-eabi/12.3.1/../../../../arm-none-eabi/lib/thumb/v7e-m+fp/hard\libg_nano.a(libc_a-sprintf.o)
 .debug_abbrev  0x0000201f      0x15e C:/ST/STM32CubeCLT_1.16.0/GNU-tools-for-STM32/bin/../lib/gcc/arm-none-eabi/12.3.1/../../../../arm-none-eabi/lib/thumb/v7e-m+fp/hard\libg_nano.a(libc_a-errno.o)
 .debug_abbrev  0x0000217d       0x28 C:/ST/STM32CubeCLT_1.16.0/GNU-tools-for-STM32/bin/../lib/gcc/arm-none-eabi/12.3.1/../../../../arm-none-eabi/lib/thumb/v7e-m+fp/hard\libg_nano.a(libc_a-strlen.o)
 .debug_abbrev  0x000021a5      0x31e C:/ST/STM32CubeCLT_1.16.0/GNU-tools-for-STM32/bin/../lib/gcc/arm-none-eabi/12.3.1/../../../../arm-none-eabi/lib/thumb/v7e-m+fp/hard\libg_nano.a(libc_a-nano-svfprintf.o)
 .debug_abbrev  0x000024c3      0x28e C:/ST/STM32CubeCLT_1.16.0/GNU-tools-for-STM32/bin/../lib/gcc/arm-none-eabi/12.3.1/../../../../arm-none-eabi/lib/thumb/v7e-m+fp/hard\libg_nano.a(libc_a-nano-vfprintf_i.o)
 .debug_abbrev  0x00002751       0xac C:/ST/STM32CubeCLT_1.16.0/GNU-tools-for-STM32/bin/../lib/gcc/arm-none-eabi/12.3.1/../../../../arm-none-eabi/lib/thumb/v7e-m+fp/hard\libg_nano.a(libc_a-memmove.o)
 .debug_abbrev  0x000027fd       0x14 C:/ST/STM32CubeCLT_1.16.0/GNU-tools-for-STM32/bin/../lib/gcc/arm-none-eabi/12.3.1/../../../../arm-none-eabi/lib/thumb/v7e-m+fp/hard\libg_nano.a(libc_a-memchr.o)
 .debug_abbrev  0x00002811       0xc1 C:/ST/STM32CubeCLT_1.16.0/GNU-tools-for-STM32/bin/../lib/gcc/arm-none-eabi/12.3.1/../../../../arm-none-eabi/lib/thumb/v7e-m+fp/hard\libg_nano.a(libc_a-memcpy-stub.o)
 .debug_abbrev  0x000028d2      0x217 C:/ST/STM32CubeCLT_1.16.0/GNU-tools-for-STM32/bin/../lib/gcc/arm-none-eabi/12.3.1/../../../../arm-none-eabi/lib/thumb/v7e-m+fp/hard\libg_nano.a(libc_a-reallocr.o)
 .debug_abbrev  0x00002ae9      0x196 C:/ST/STM32CubeCLT_1.16.0/GNU-tools-for-STM32/bin/../lib/gcc/arm-none-eabi/12.3.1/../../../../arm-none-eabi/lib/thumb/v7e-m+fp/hard\libg_nano.a(libc_a-msizer.o)

.debug_aranges  0x00000000      0xaa0
 .debug_aranges
                0x00000000       0x60 CMakeFiles/force_sensor.dir/Core/Src/main.c.obj
 .debug_aranges
                0x00000060       0x68 CMakeFiles/force_sensor.dir/Core/Src/stm32f4xx_it.c.obj
 .debug_aranges
                0x000000c8       0x50 CMakeFiles/force_sensor.dir/Core/Src/stm32f4xx_hal_msp.c.obj
 .debug_aranges
                0x00000118       0xe8 CMakeFiles/force_sensor.dir/Drivers/STM32F4xx_HAL_Driver/Src/stm32f4xx_hal_adc.c.obj
 .debug_aranges
                0x00000200       0x88 CMakeFiles/force_sensor.dir/Drivers/STM32F4xx_HAL_Driver/Src/stm32f4xx_hal_rcc.c.obj
 .debug_aranges
                0x00000288       0x78 CMakeFiles/force_sensor.dir/Drivers/STM32F4xx_HAL_Driver/Src/stm32f4xx_hal_rcc_ex.c.obj
 .debug_aranges
                0x00000300       0x58 CMakeFiles/force_sensor.dir/Drivers/STM32F4xx_HAL_Driver/Src/stm32f4xx_hal_gpio.c.obj
 .debug_aranges
                0x00000358       0x90 CMakeFiles/force_sensor.dir/Drivers/STM32F4xx_HAL_Driver/Src/stm32f4xx_hal_dma.c.obj
 .debug_aranges
                0x000003e8      0x130 CMakeFiles/force_sensor.dir/Drivers/STM32F4xx_HAL_Driver/Src/stm32f4xx_hal_cortex.c.obj
 .debug_aranges
                0x00000518       0xf0 CMakeFiles/force_sensor.dir/Drivers/STM32F4xx_HAL_Driver/Src/stm32f4xx_hal.c.obj
 .debug_aranges
                0x00000608       0xc0 CMakeFiles/force_sensor.dir/Drivers/STM32F4xx_HAL_Driver/Src/stm32f4xx_hal_dac.c.obj
 .debug_aranges
                0x000006c8      0x208 CMakeFiles/force_sensor.dir/Drivers/STM32F4xx_HAL_Driver/Src/stm32f4xx_hal_uart.c.obj
 .debug_aranges
                0x000008d0       0x28 CMakeFiles/force_sensor.dir/Core/Src/system_stm32f4xx.c.obj
 .debug_aranges
                0x000008f8       0x20 CMakeFiles/force_sensor.dir/Core/Src/sysmem.c.obj
 .debug_aranges
                0x00000918       0x28 CMakeFiles/force_sensor.dir/startup_stm32f446xx.s.obj
 .debug_aranges
                0x00000940       0x28 C:/ST/STM32CubeCLT_1.16.0/GNU-tools-for-STM32/bin/../lib/gcc/arm-none-eabi/12.3.1/../../../../arm-none-eabi/lib/thumb/v7e-m+fp/hard\libg_nano.a(libc_a-sprintf.o)
 .debug_aranges
                0x00000968       0x20 C:/ST/STM32CubeCLT_1.16.0/GNU-tools-for-STM32/bin/../lib/gcc/arm-none-eabi/12.3.1/../../../../arm-none-eabi/lib/thumb/v7e-m+fp/hard\libg_nano.a(libc_a-errno.o)
 .debug_aranges
                0x00000988       0x20 C:/ST/STM32CubeCLT_1.16.0/GNU-tools-for-STM32/bin/../lib/gcc/arm-none-eabi/12.3.1/../../../../arm-none-eabi/lib/thumb/v7e-m+fp/hard\libg_nano.a(libc_a-strlen.o)
 .debug_aranges
                0x000009a8       0x30 C:/ST/STM32CubeCLT_1.16.0/GNU-tools-for-STM32/bin/../lib/gcc/arm-none-eabi/12.3.1/../../../../arm-none-eabi/lib/thumb/v7e-m+fp/hard\libg_nano.a(libc_a-nano-svfprintf.o)
 .debug_aranges
                0x000009d8       0x28 C:/ST/STM32CubeCLT_1.16.0/GNU-tools-for-STM32/bin/../lib/gcc/arm-none-eabi/12.3.1/../../../../arm-none-eabi/lib/thumb/v7e-m+fp/hard\libg_nano.a(libc_a-nano-vfprintf_i.o)
 .debug_aranges
                0x00000a00       0x20 C:/ST/STM32CubeCLT_1.16.0/GNU-tools-for-STM32/bin/../lib/gcc/arm-none-eabi/12.3.1/../../../../arm-none-eabi/lib/thumb/v7e-m+fp/hard\libg_nano.a(libc_a-memmove.o)
 .debug_aranges
                0x00000a20       0x20 C:/ST/STM32CubeCLT_1.16.0/GNU-tools-for-STM32/bin/../lib/gcc/arm-none-eabi/12.3.1/../../../../arm-none-eabi/lib/thumb/v7e-m+fp/hard\libg_nano.a(libc_a-memchr.o)
 .debug_aranges
                0x00000a40       0x20 C:/ST/STM32CubeCLT_1.16.0/GNU-tools-for-STM32/bin/../lib/gcc/arm-none-eabi/12.3.1/../../../../arm-none-eabi/lib/thumb/v7e-m+fp/hard\libg_nano.a(libc_a-memcpy-stub.o)
 .debug_aranges
                0x00000a60       0x20 C:/ST/STM32CubeCLT_1.16.0/GNU-tools-for-STM32/bin/../lib/gcc/arm-none-eabi/12.3.1/../../../../arm-none-eabi/lib/thumb/v7e-m+fp/hard\libg_nano.a(libc_a-reallocr.o)
 .debug_aranges
                0x00000a80       0x20 C:/ST/STM32CubeCLT_1.16.0/GNU-tools-for-STM32/bin/../lib/gcc/arm-none-eabi/12.3.1/../../../../arm-none-eabi/lib/thumb/v7e-m+fp/hard\libg_nano.a(libc_a-msizer.o)

.debug_rnglists
                0x00000000      0x835
 .debug_rnglists
                0x00000000       0x47 CMakeFiles/force_sensor.dir/Core/Src/main.c.obj
 .debug_rnglists
                0x00000047       0x49 CMakeFiles/force_sensor.dir/Core/Src/stm32f4xx_it.c.obj
 .debug_rnglists
                0x00000090       0x3a CMakeFiles/force_sensor.dir/Core/Src/stm32f4xx_hal_msp.c.obj
 .debug_rnglists
                0x000000ca       0xb5 CMakeFiles/force_sensor.dir/Drivers/STM32F4xx_HAL_Driver/Src/stm32f4xx_hal_adc.c.obj
 .debug_rnglists
                0x0000017f       0x66 CMakeFiles/force_sensor.dir/Drivers/STM32F4xx_HAL_Driver/Src/stm32f4xx_hal_rcc.c.obj
 .debug_rnglists
                0x000001e5       0x5e CMakeFiles/force_sensor.dir/Drivers/STM32F4xx_HAL_Driver/Src/stm32f4xx_hal_rcc_ex.c.obj
 .debug_rnglists
                0x00000243       0x3f CMakeFiles/force_sensor.dir/Drivers/STM32F4xx_HAL_Driver/Src/stm32f4xx_hal_gpio.c.obj
 .debug_rnglists
                0x00000282       0x70 CMakeFiles/force_sensor.dir/Drivers/STM32F4xx_HAL_Driver/Src/stm32f4xx_hal_dma.c.obj
 .debug_rnglists
                0x000002f2       0xe0 CMakeFiles/force_sensor.dir/Drivers/STM32F4xx_HAL_Driver/Src/stm32f4xx_hal_cortex.c.obj
 .debug_rnglists
                0x000003d2       0xaf CMakeFiles/force_sensor.dir/Drivers/STM32F4xx_HAL_Driver/Src/stm32f4xx_hal.c.obj
 .debug_rnglists
                0x00000481       0x90 CMakeFiles/force_sensor.dir/Drivers/STM32F4xx_HAL_Driver/Src/stm32f4xx_hal_dac.c.obj
 .debug_rnglists
                0x00000511      0x1bc CMakeFiles/force_sensor.dir/Drivers/STM32F4xx_HAL_Driver/Src/stm32f4xx_hal_uart.c.obj
 .debug_rnglists
                0x000006cd       0x1a CMakeFiles/force_sensor.dir/Core/Src/system_stm32f4xx.c.obj
 .debug_rnglists
                0x000006e7       0x13 CMakeFiles/force_sensor.dir/Core/Src/sysmem.c.obj
 .debug_rnglists
                0x000006fa       0x19 CMakeFiles/force_sensor.dir/startup_stm32f446xx.s.obj
 .debug_rnglists
                0x00000713       0x19 C:/ST/STM32CubeCLT_1.16.0/GNU-tools-for-STM32/bin/../lib/gcc/arm-none-eabi/12.3.1/../../../../arm-none-eabi/lib/thumb/v7e-m+fp/hard\libg_nano.a(libc_a-sprintf.o)
 .debug_rnglists
                0x0000072c       0x13 C:/ST/STM32CubeCLT_1.16.0/GNU-tools-for-STM32/bin/../lib/gcc/arm-none-eabi/12.3.1/../../../../arm-none-eabi/lib/thumb/v7e-m+fp/hard\libg_nano.a(libc_a-errno.o)
 .debug_rnglists
                0x0000073f       0x44 C:/ST/STM32CubeCLT_1.16.0/GNU-tools-for-STM32/bin/../lib/gcc/arm-none-eabi/12.3.1/../../../../arm-none-eabi/lib/thumb/v7e-m+fp/hard\libg_nano.a(libc_a-nano-svfprintf.o)
 .debug_rnglists
                0x00000783       0x66 C:/ST/STM32CubeCLT_1.16.0/GNU-tools-for-STM32/bin/../lib/gcc/arm-none-eabi/12.3.1/../../../../arm-none-eabi/lib/thumb/v7e-m+fp/hard\libg_nano.a(libc_a-nano-vfprintf_i.o)
 .debug_rnglists
                0x000007e9       0x13 C:/ST/STM32CubeCLT_1.16.0/GNU-tools-for-STM32/bin/../lib/gcc/arm-none-eabi/12.3.1/../../../../arm-none-eabi/lib/thumb/v7e-m+fp/hard\libg_nano.a(libc_a-memmove.o)
 .debug_rnglists
                0x000007fc       0x13 C:/ST/STM32CubeCLT_1.16.0/GNU-tools-for-STM32/bin/../lib/gcc/arm-none-eabi/12.3.1/../../../../arm-none-eabi/lib/thumb/v7e-m+fp/hard\libg_nano.a(libc_a-memcpy-stub.o)
 .debug_rnglists
                0x0000080f       0x13 C:/ST/STM32CubeCLT_1.16.0/GNU-tools-for-STM32/bin/../lib/gcc/arm-none-eabi/12.3.1/../../../../arm-none-eabi/lib/thumb/v7e-m+fp/hard\libg_nano.a(libc_a-reallocr.o)
 .debug_rnglists
                0x00000822       0x13 C:/ST/STM32CubeCLT_1.16.0/GNU-tools-for-STM32/bin/../lib/gcc/arm-none-eabi/12.3.1/../../../../arm-none-eabi/lib/thumb/v7e-m+fp/hard\libg_nano.a(libc_a-msizer.o)

.debug_macro    0x00000000    0x22c42
 .debug_macro   0x00000000      0x310 CMakeFiles/force_sensor.dir/Core/Src/main.c.obj
 .debug_macro   0x00000310      0xab4 CMakeFiles/force_sensor.dir/Core/Src/main.c.obj
 .debug_macro   0x00000dc4      0x2a1 CMakeFiles/force_sensor.dir/Core/Src/main.c.obj
 .debug_macro   0x00001065       0x2e CMakeFiles/force_sensor.dir/Core/Src/main.c.obj
 .debug_macro   0x00001093       0x28 CMakeFiles/force_sensor.dir/Core/Src/main.c.obj
 .debug_macro   0x000010bb       0x22 CMakeFiles/force_sensor.dir/Core/Src/main.c.obj
 .debug_macro   0x000010dd       0x8e CMakeFiles/force_sensor.dir/Core/Src/main.c.obj
 .debug_macro   0x0000116b       0x51 CMakeFiles/force_sensor.dir/Core/Src/main.c.obj
 .debug_macro   0x000011bc      0x103 CMakeFiles/force_sensor.dir/Core/Src/main.c.obj
 .debug_macro   0x000012bf       0x6a CMakeFiles/force_sensor.dir/Core/Src/main.c.obj
 .debug_macro   0x00001329      0x1df CMakeFiles/force_sensor.dir/Core/Src/main.c.obj
 .debug_macro   0x00001508       0x1c CMakeFiles/force_sensor.dir/Core/Src/main.c.obj
 .debug_macro   0x00001524       0x22 CMakeFiles/force_sensor.dir/Core/Src/main.c.obj
 .debug_macro   0x00001546       0xfb CMakeFiles/force_sensor.dir/Core/Src/main.c.obj
 .debug_macro   0x00001641     0x1011 CMakeFiles/force_sensor.dir/Core/Src/main.c.obj
 .debug_macro   0x00002652      0x11f CMakeFiles/force_sensor.dir/Core/Src/main.c.obj
 .debug_macro   0x00002771    0x16749 CMakeFiles/force_sensor.dir/Core/Src/main.c.obj
 .debug_macro   0x00018eba       0x6d CMakeFiles/force_sensor.dir/Core/Src/main.c.obj
 .debug_macro   0x00018f27     0x369a CMakeFiles/force_sensor.dir/Core/Src/main.c.obj
 .debug_macro   0x0001c5c1      0x189 CMakeFiles/force_sensor.dir/Core/Src/main.c.obj
 .debug_macro   0x0001c74a       0x5c CMakeFiles/force_sensor.dir/Core/Src/main.c.obj
 .debug_macro   0x0001c7a6      0xca5 CMakeFiles/force_sensor.dir/Core/Src/main.c.obj
 .debug_macro   0x0001d44b      0x9e9 CMakeFiles/force_sensor.dir/Core/Src/main.c.obj
 .debug_macro   0x0001de34      0x115 CMakeFiles/force_sensor.dir/Core/Src/main.c.obj
 .debug_macro   0x0001df49      0x1a0 CMakeFiles/force_sensor.dir/Core/Src/main.c.obj
 .debug_macro   0x0001e0e9       0xa5 CMakeFiles/force_sensor.dir/Core/Src/main.c.obj
 .debug_macro   0x0001e18e      0x16d CMakeFiles/force_sensor.dir/Core/Src/main.c.obj
 .debug_macro   0x0001e2fb      0x287 CMakeFiles/force_sensor.dir/Core/Src/main.c.obj
 .debug_macro   0x0001e582       0x5f CMakeFiles/force_sensor.dir/Core/Src/main.c.obj
 .debug_macro   0x0001e5e1      0x236 CMakeFiles/force_sensor.dir/Core/Src/main.c.obj
 .debug_macro   0x0001e817      0xb5b CMakeFiles/force_sensor.dir/Core/Src/main.c.obj
 .debug_macro   0x0001f372      0x38b CMakeFiles/force_sensor.dir/Core/Src/main.c.obj
 .debug_macro   0x0001f6fd      0x17d CMakeFiles/force_sensor.dir/Core/Src/main.c.obj
 .debug_macro   0x0001f87a       0xf9 CMakeFiles/force_sensor.dir/Core/Src/main.c.obj
 .debug_macro   0x0001f973      0x122 CMakeFiles/force_sensor.dir/Core/Src/main.c.obj
 .debug_macro   0x0001fa95       0xa6 CMakeFiles/force_sensor.dir/Core/Src/main.c.obj
 .debug_macro   0x0001fb3b      0x132 CMakeFiles/force_sensor.dir/Core/Src/main.c.obj
 .debug_macro   0x0001fc6d      0x29c CMakeFiles/force_sensor.dir/Core/Src/main.c.obj
 .debug_macro   0x0001ff09       0x2e CMakeFiles/force_sensor.dir/Core/Src/main.c.obj
 .debug_macro   0x0001ff37      0x127 CMakeFiles/force_sensor.dir/Core/Src/main.c.obj
 .debug_macro   0x0002005e       0xe8 CMakeFiles/force_sensor.dir/Core/Src/main.c.obj
 .debug_macro   0x00020146       0x89 CMakeFiles/force_sensor.dir/Core/Src/main.c.obj
 .debug_macro   0x000201cf      0x2aa CMakeFiles/force_sensor.dir/Core/Src/main.c.obj
 .debug_macro   0x00020479      0x126 CMakeFiles/force_sensor.dir/Core/Src/main.c.obj
 .debug_macro   0x0002059f       0x58 CMakeFiles/force_sensor.dir/Core/Src/main.c.obj
 .debug_macro   0x000205f7       0x74 CMakeFiles/force_sensor.dir/Core/Src/main.c.obj
 .debug_macro   0x0002066b       0x2a CMakeFiles/force_sensor.dir/Core/Src/main.c.obj
 .debug_macro   0x00020695       0x3c CMakeFiles/force_sensor.dir/Core/Src/main.c.obj
 .debug_macro   0x000206d1       0x34 CMakeFiles/force_sensor.dir/Core/Src/main.c.obj
 .debug_macro   0x00020705       0x16 CMakeFiles/force_sensor.dir/Core/Src/main.c.obj
 .debug_macro   0x0002071b       0x35 CMakeFiles/force_sensor.dir/Core/Src/main.c.obj
 .debug_macro   0x00020750      0x369 CMakeFiles/force_sensor.dir/Core/Src/main.c.obj
 .debug_macro   0x00020ab9       0x10 CMakeFiles/force_sensor.dir/Core/Src/main.c.obj
 .debug_macro   0x00020ac9       0x16 CMakeFiles/force_sensor.dir/Core/Src/main.c.obj
 .debug_macro   0x00020adf       0x43 CMakeFiles/force_sensor.dir/Core/Src/main.c.obj
 .debug_macro   0x00020b22       0x34 CMakeFiles/force_sensor.dir/Core/Src/main.c.obj
 .debug_macro   0x00020b56       0x10 CMakeFiles/force_sensor.dir/Core/Src/main.c.obj
 .debug_macro   0x00020b66       0x58 CMakeFiles/force_sensor.dir/Core/Src/main.c.obj
 .debug_macro   0x00020bbe      0x1de CMakeFiles/force_sensor.dir/Core/Src/main.c.obj
 .debug_macro   0x00020d9c       0x16 CMakeFiles/force_sensor.dir/Core/Src/main.c.obj
 .debug_macro   0x00020db2       0x16 CMakeFiles/force_sensor.dir/Core/Src/main.c.obj
 .debug_macro   0x00020dc8      0x170 CMakeFiles/force_sensor.dir/Core/Src/main.c.obj
 .debug_macro   0x00020f38       0x16 CMakeFiles/force_sensor.dir/Core/Src/main.c.obj
 .debug_macro   0x00020f4e       0x20 CMakeFiles/force_sensor.dir/Core/Src/main.c.obj
 .debug_macro   0x00020f6e      0x20f CMakeFiles/force_sensor.dir/Core/Src/stm32f4xx_it.c.obj
 .debug_macro   0x0002117d      0x205 CMakeFiles/force_sensor.dir/Core/Src/stm32f4xx_hal_msp.c.obj
 .debug_macro   0x00021382      0x1f7 CMakeFiles/force_sensor.dir/Drivers/STM32F4xx_HAL_Driver/Src/stm32f4xx_hal_adc.c.obj
 .debug_macro   0x00021579      0x21a CMakeFiles/force_sensor.dir/Drivers/STM32F4xx_HAL_Driver/Src/stm32f4xx_hal_rcc.c.obj
 .debug_macro   0x00021793      0x1f6 CMakeFiles/force_sensor.dir/Drivers/STM32F4xx_HAL_Driver/Src/stm32f4xx_hal_rcc_ex.c.obj
 .debug_macro   0x00021989      0x1fc CMakeFiles/force_sensor.dir/Drivers/STM32F4xx_HAL_Driver/Src/stm32f4xx_hal_gpio.c.obj
 .debug_macro   0x00021b85      0x1fc CMakeFiles/force_sensor.dir/Drivers/STM32F4xx_HAL_Driver/Src/stm32f4xx_hal_dma.c.obj
 .debug_macro   0x00021d81      0x1f6 CMakeFiles/force_sensor.dir/Drivers/STM32F4xx_HAL_Driver/Src/stm32f4xx_hal_cortex.c.obj
 .debug_macro   0x00021f77      0x256 CMakeFiles/force_sensor.dir/Drivers/STM32F4xx_HAL_Driver/Src/stm32f4xx_hal.c.obj
 .debug_macro   0x000221cd      0x1f7 CMakeFiles/force_sensor.dir/Drivers/STM32F4xx_HAL_Driver/Src/stm32f4xx_hal_dac.c.obj
 .debug_macro   0x000223c4      0x1f7 CMakeFiles/force_sensor.dir/Drivers/STM32F4xx_HAL_Driver/Src/stm32f4xx_hal_uart.c.obj
 .debug_macro   0x000225bb      0x1f6 CMakeFiles/force_sensor.dir/Core/Src/system_stm32f4xx.c.obj
 .debug_macro   0x000227b1       0xec CMakeFiles/force_sensor.dir/Core/Src/sysmem.c.obj
 .debug_macro   0x0002289d       0x10 CMakeFiles/force_sensor.dir/Core/Src/sysmem.c.obj
 .debug_macro   0x000228ad       0x6e CMakeFiles/force_sensor.dir/Core/Src/sysmem.c.obj
 .debug_macro   0x0002291b       0x94 CMakeFiles/force_sensor.dir/Core/Src/sysmem.c.obj
 .debug_macro   0x000229af       0x57 CMakeFiles/force_sensor.dir/Core/Src/sysmem.c.obj
 .debug_macro   0x00022a06      0x23c CMakeFiles/force_sensor.dir/Core/Src/sysmem.c.obj

.debug_line     0x00000000     0xe51d
 .debug_line    0x00000000      0xa6a CMakeFiles/force_sensor.dir/Core/Src/main.c.obj
 .debug_line    0x00000a6a      0x896 CMakeFiles/force_sensor.dir/Core/Src/stm32f4xx_it.c.obj
 .debug_line    0x00001300      0x8bf CMakeFiles/force_sensor.dir/Core/Src/stm32f4xx_hal_msp.c.obj
 .debug_line    0x00001bbf     0x133d CMakeFiles/force_sensor.dir/Drivers/STM32F4xx_HAL_Driver/Src/stm32f4xx_hal_adc.c.obj
 .debug_line    0x00002efc      0xe40 CMakeFiles/force_sensor.dir/Drivers/STM32F4xx_HAL_Driver/Src/stm32f4xx_hal_rcc.c.obj
 .debug_line    0x00003d3c     0x14b0 CMakeFiles/force_sensor.dir/Drivers/STM32F4xx_HAL_Driver/Src/stm32f4xx_hal_rcc_ex.c.obj
 .debug_line    0x000051ec      0xc21 CMakeFiles/force_sensor.dir/Drivers/STM32F4xx_HAL_Driver/Src/stm32f4xx_hal_gpio.c.obj
 .debug_line    0x00005e0d     0x1019 CMakeFiles/force_sensor.dir/Drivers/STM32F4xx_HAL_Driver/Src/stm32f4xx_hal_dma.c.obj
 .debug_line    0x00006e26      0xd9b CMakeFiles/force_sensor.dir/Drivers/STM32F4xx_HAL_Driver/Src/stm32f4xx_hal_cortex.c.obj
 .debug_line    0x00007bc1      0xaa9 CMakeFiles/force_sensor.dir/Drivers/STM32F4xx_HAL_Driver/Src/stm32f4xx_hal.c.obj
 .debug_line    0x0000866a      0xc1d CMakeFiles/force_sensor.dir/Drivers/STM32F4xx_HAL_Driver/Src/stm32f4xx_hal_dac.c.obj
 .debug_line    0x00009287     0x297b CMakeFiles/force_sensor.dir/Drivers/STM32F4xx_HAL_Driver/Src/stm32f4xx_hal_uart.c.obj
 .debug_line    0x0000bc02      0x840 CMakeFiles/force_sensor.dir/Core/Src/system_stm32f4xx.c.obj
 .debug_line    0x0000c442      0x354 CMakeFiles/force_sensor.dir/Core/Src/sysmem.c.obj
 .debug_line    0x0000c796       0x7a CMakeFiles/force_sensor.dir/startup_stm32f446xx.s.obj
 .debug_line    0x0000c810      0x2b0 C:/ST/STM32CubeCLT_1.16.0/GNU-tools-for-STM32/bin/../lib/gcc/arm-none-eabi/12.3.1/../../../../arm-none-eabi/lib/thumb/v7e-m+fp/hard\libg_nano.a(libc_a-sprintf.o)
 .debug_line    0x0000cac0      0x185 C:/ST/STM32CubeCLT_1.16.0/GNU-tools-for-STM32/bin/../lib/gcc/arm-none-eabi/12.3.1/../../../../arm-none-eabi/lib/thumb/v7e-m+fp/hard\libg_nano.a(libc_a-errno.o)
 .debug_line    0x0000cc45       0x4f C:/ST/STM32CubeCLT_1.16.0/GNU-tools-for-STM32/bin/../lib/gcc/arm-none-eabi/12.3.1/../../../../arm-none-eabi/lib/thumb/v7e-m+fp/hard\libg_nano.a(libc_a-strlen.o)
 .debug_line    0x0000cc94      0x882 C:/ST/STM32CubeCLT_1.16.0/GNU-tools-for-STM32/bin/../lib/gcc/arm-none-eabi/12.3.1/../../../../arm-none-eabi/lib/thumb/v7e-m+fp/hard\libg_nano.a(libc_a-nano-svfprintf.o)
 .debug_line    0x0000d516      0x74c C:/ST/STM32CubeCLT_1.16.0/GNU-tools-for-STM32/bin/../lib/gcc/arm-none-eabi/12.3.1/../../../../arm-none-eabi/lib/thumb/v7e-m+fp/hard\libg_nano.a(libc_a-nano-vfprintf_i.o)
 .debug_line    0x0000dc62      0x1bc C:/ST/STM32CubeCLT_1.16.0/GNU-tools-for-STM32/bin/../lib/gcc/arm-none-eabi/12.3.1/../../../../arm-none-eabi/lib/thumb/v7e-m+fp/hard\libg_nano.a(libc_a-memmove.o)
 .debug_line    0x0000de1e       0x84 C:/ST/STM32CubeCLT_1.16.0/GNU-tools-for-STM32/bin/../lib/gcc/arm-none-eabi/12.3.1/../../../../arm-none-eabi/lib/thumb/v7e-m+fp/hard\libg_nano.a(libc_a-memchr.o)
 .debug_line    0x0000dea2      0x202 C:/ST/STM32CubeCLT_1.16.0/GNU-tools-for-STM32/bin/../lib/gcc/arm-none-eabi/12.3.1/../../../../arm-none-eabi/lib/thumb/v7e-m+fp/hard\libg_nano.a(libc_a-memcpy-stub.o)
 .debug_line    0x0000e0a4      0x274 C:/ST/STM32CubeCLT_1.16.0/GNU-tools-for-STM32/bin/../lib/gcc/arm-none-eabi/12.3.1/../../../../arm-none-eabi/lib/thumb/v7e-m+fp/hard\libg_nano.a(libc_a-reallocr.o)
 .debug_line    0x0000e318      0x205 C:/ST/STM32CubeCLT_1.16.0/GNU-tools-for-STM32/bin/../lib/gcc/arm-none-eabi/12.3.1/../../../../arm-none-eabi/lib/thumb/v7e-m+fp/hard\libg_nano.a(libc_a-msizer.o)

.debug_str      0x00000000    0xd72d4
 .debug_str     0x00000000    0xd4007 CMakeFiles/force_sensor.dir/Core/Src/main.c.obj
                              0xd437b (size before relaxing)
 .debug_str     0x000d4007      0x12b CMakeFiles/force_sensor.dir/Core/Src/stm32f4xx_it.c.obj
                              0xd028d (size before relaxing)
 .debug_str     0x000d4132      0x11f CMakeFiles/force_sensor.dir/Core/Src/stm32f4xx_hal_msp.c.obj
                              0xd091a (size before relaxing)
 .debug_str     0x000d4251      0x2e5 CMakeFiles/force_sensor.dir/Drivers/STM32F4xx_HAL_Driver/Src/stm32f4xx_hal_adc.c.obj
                              0xd05e4 (size before relaxing)
 .debug_str     0x000d4536      0x2d2 CMakeFiles/force_sensor.dir/Drivers/STM32F4xx_HAL_Driver/Src/stm32f4xx_hal_rcc.c.obj
                              0xd0455 (size before relaxing)
 .debug_str     0x000d4808      0x35b CMakeFiles/force_sensor.dir/Drivers/STM32F4xx_HAL_Driver/Src/stm32f4xx_hal_rcc_ex.c.obj
                              0xd0488 (size before relaxing)
 .debug_str     0x000d4b63      0x145 CMakeFiles/force_sensor.dir/Drivers/STM32F4xx_HAL_Driver/Src/stm32f4xx_hal_gpio.c.obj
                              0xd0197 (size before relaxing)
 .debug_str     0x000d4ca8      0x306 CMakeFiles/force_sensor.dir/Drivers/STM32F4xx_HAL_Driver/Src/stm32f4xx_hal_dma.c.obj
                              0xd0411 (size before relaxing)
 .debug_str     0x000d4fae      0x435 CMakeFiles/force_sensor.dir/Drivers/STM32F4xx_HAL_Driver/Src/stm32f4xx_hal_cortex.c.obj
                              0xd0938 (size before relaxing)
 .debug_str     0x000d53e3      0x5b5 CMakeFiles/force_sensor.dir/Drivers/STM32F4xx_HAL_Driver/Src/stm32f4xx_hal.c.obj
                              0xd0be1 (size before relaxing)
 .debug_str     0x000d5998      0x215 CMakeFiles/force_sensor.dir/Drivers/STM32F4xx_HAL_Driver/Src/stm32f4xx_hal_dac.c.obj
                              0xd0479 (size before relaxing)
 .debug_str     0x000d5bad      0x63b CMakeFiles/force_sensor.dir/Drivers/STM32F4xx_HAL_Driver/Src/stm32f4xx_hal_uart.c.obj
                              0xd0a0c (size before relaxing)
 .debug_str     0x000d61e8       0x81 CMakeFiles/force_sensor.dir/Core/Src/system_stm32f4xx.c.obj
                              0xd001c (size before relaxing)
 .debug_str     0x000d6269      0x513 CMakeFiles/force_sensor.dir/Core/Src/sysmem.c.obj
                               0x5b24 (size before relaxing)
 .debug_str     0x000d677c       0x6c CMakeFiles/force_sensor.dir/startup_stm32f446xx.s.obj
                                 0xb2 (size before relaxing)
 .debug_str     0x000d67e8      0x458 C:/ST/STM32CubeCLT_1.16.0/GNU-tools-for-STM32/bin/../lib/gcc/arm-none-eabi/12.3.1/../../../../arm-none-eabi/lib/thumb/v7e-m+fp/hard\libg_nano.a(libc_a-sprintf.o)
                                0x570 (size before relaxing)
 .debug_str     0x000d6c40       0x58 C:/ST/STM32CubeCLT_1.16.0/GNU-tools-for-STM32/bin/../lib/gcc/arm-none-eabi/12.3.1/../../../../arm-none-eabi/lib/thumb/v7e-m+fp/hard\libg_nano.a(libc_a-errno.o)
                                0x52b (size before relaxing)
 .debug_str     0x000d6c98       0x69 C:/ST/STM32CubeCLT_1.16.0/GNU-tools-for-STM32/bin/../lib/gcc/arm-none-eabi/12.3.1/../../../../arm-none-eabi/lib/thumb/v7e-m+fp/hard\libg_nano.a(libc_a-strlen.o)
                                 0xf3 (size before relaxing)
 .debug_str     0x000d6d01      0x2bf C:/ST/STM32CubeCLT_1.16.0/GNU-tools-for-STM32/bin/../lib/gcc/arm-none-eabi/12.3.1/../../../../arm-none-eabi/lib/thumb/v7e-m+fp/hard\libg_nano.a(libc_a-nano-svfprintf.o)
                                0x87a (size before relaxing)
 .debug_str     0x000d6fc0       0xb3 C:/ST/STM32CubeCLT_1.16.0/GNU-tools-for-STM32/bin/../lib/gcc/arm-none-eabi/12.3.1/../../../../arm-none-eabi/lib/thumb/v7e-m+fp/hard\libg_nano.a(libc_a-nano-vfprintf_i.o)
                                0x810 (size before relaxing)
 .debug_str     0x000d7073       0x74 C:/ST/STM32CubeCLT_1.16.0/GNU-tools-for-STM32/bin/../lib/gcc/arm-none-eabi/12.3.1/../../../../arm-none-eabi/lib/thumb/v7e-m+fp/hard\libg_nano.a(libc_a-memmove.o)
                                0x22c (size before relaxing)
 .debug_str     0x000d70e7       0x5f C:/ST/STM32CubeCLT_1.16.0/GNU-tools-for-STM32/bin/../lib/gcc/arm-none-eabi/12.3.1/../../../../arm-none-eabi/lib/thumb/v7e-m+fp/hard\libg_nano.a(libc_a-memchr.o)
                                 0xe2 (size before relaxing)
 .debug_str     0x000d7146       0x78 C:/ST/STM32CubeCLT_1.16.0/GNU-tools-for-STM32/bin/../lib/gcc/arm-none-eabi/12.3.1/../../../../arm-none-eabi/lib/thumb/v7e-m+fp/hard\libg_nano.a(libc_a-memcpy-stub.o)
                                0x22f (size before relaxing)
 .debug_str     0x000d71be       0xad C:/ST/STM32CubeCLT_1.16.0/GNU-tools-for-STM32/bin/../lib/gcc/arm-none-eabi/12.3.1/../../../../arm-none-eabi/lib/thumb/v7e-m+fp/hard\libg_nano.a(libc_a-reallocr.o)
                                0x5a7 (size before relaxing)
 .debug_str     0x000d726b       0x69 C:/ST/STM32CubeCLT_1.16.0/GNU-tools-for-STM32/bin/../lib/gcc/arm-none-eabi/12.3.1/../../../../arm-none-eabi/lib/thumb/v7e-m+fp/hard\libg_nano.a(libc_a-msizer.o)
                                0x57a (size before relaxing)

.comment        0x00000000       0x43
 .comment       0x00000000       0x43 CMakeFiles/force_sensor.dir/Core/Src/main.c.obj
                                 0x44 (size before relaxing)
 .comment       0x00000043       0x44 CMakeFiles/force_sensor.dir/Core/Src/stm32f4xx_it.c.obj
 .comment       0x00000043       0x44 CMakeFiles/force_sensor.dir/Core/Src/stm32f4xx_hal_msp.c.obj
 .comment       0x00000043       0x44 CMakeFiles/force_sensor.dir/Drivers/STM32F4xx_HAL_Driver/Src/stm32f4xx_hal_adc.c.obj
 .comment       0x00000043       0x44 CMakeFiles/force_sensor.dir/Drivers/STM32F4xx_HAL_Driver/Src/stm32f4xx_hal_rcc.c.obj
 .comment       0x00000043       0x44 CMakeFiles/force_sensor.dir/Drivers/STM32F4xx_HAL_Driver/Src/stm32f4xx_hal_rcc_ex.c.obj
 .comment       0x00000043       0x44 CMakeFiles/force_sensor.dir/Drivers/STM32F4xx_HAL_Driver/Src/stm32f4xx_hal_gpio.c.obj
 .comment       0x00000043       0x44 CMakeFiles/force_sensor.dir/Drivers/STM32F4xx_HAL_Driver/Src/stm32f4xx_hal_dma.c.obj
 .comment       0x00000043       0x44 CMakeFiles/force_sensor.dir/Drivers/STM32F4xx_HAL_Driver/Src/stm32f4xx_hal_cortex.c.obj
 .comment       0x00000043       0x44 CMakeFiles/force_sensor.dir/Drivers/STM32F4xx_HAL_Driver/Src/stm32f4xx_hal.c.obj
 .comment       0x00000043       0x44 CMakeFiles/force_sensor.dir/Drivers/STM32F4xx_HAL_Driver/Src/stm32f4xx_hal_dac.c.obj
 .comment       0x00000043       0x44 CMakeFiles/force_sensor.dir/Drivers/STM32F4xx_HAL_Driver/Src/stm32f4xx_hal_uart.c.obj
 .comment       0x00000043       0x44 CMakeFiles/force_sensor.dir/Core/Src/system_stm32f4xx.c.obj
 .comment       0x00000043       0x44 CMakeFiles/force_sensor.dir/Core/Src/sysmem.c.obj
 .comment       0x00000043       0x44 C:/ST/STM32CubeCLT_1.16.0/GNU-tools-for-STM32/bin/../lib/gcc/arm-none-eabi/12.3.1/../../../../arm-none-eabi/lib/thumb/v7e-m+fp/hard\libg_nano.a(libc_a-sprintf.o)
 .comment       0x00000043       0x44 C:/ST/STM32CubeCLT_1.16.0/GNU-tools-for-STM32/bin/../lib/gcc/arm-none-eabi/12.3.1/../../../../arm-none-eabi/lib/thumb/v7e-m+fp/hard\libg_nano.a(libc_a-errno.o)
 .comment       0x00000043       0x44 C:/ST/STM32CubeCLT_1.16.0/GNU-tools-for-STM32/bin/../lib/gcc/arm-none-eabi/12.3.1/../../../../arm-none-eabi/lib/thumb/v7e-m+fp/hard\libg_nano.a(libc_a-nano-svfprintf.o)
 .comment       0x00000043       0x44 C:/ST/STM32CubeCLT_1.16.0/GNU-tools-for-STM32/bin/../lib/gcc/arm-none-eabi/12.3.1/../../../../arm-none-eabi/lib/thumb/v7e-m+fp/hard\libg_nano.a(libc_a-nano-vfprintf_i.o)
 .comment       0x00000043       0x44 C:/ST/STM32CubeCLT_1.16.0/GNU-tools-for-STM32/bin/../lib/gcc/arm-none-eabi/12.3.1/../../../../arm-none-eabi/lib/thumb/v7e-m+fp/hard\libg_nano.a(libc_a-memmove.o)
 .comment       0x00000043       0x44 C:/ST/STM32CubeCLT_1.16.0/GNU-tools-for-STM32/bin/../lib/gcc/arm-none-eabi/12.3.1/../../../../arm-none-eabi/lib/thumb/v7e-m+fp/hard\libg_nano.a(libc_a-memcpy-stub.o)
 .comment       0x00000043       0x44 C:/ST/STM32CubeCLT_1.16.0/GNU-tools-for-STM32/bin/../lib/gcc/arm-none-eabi/12.3.1/../../../../arm-none-eabi/lib/thumb/v7e-m+fp/hard\libg_nano.a(libc_a-reallocr.o)
 .comment       0x00000043       0x44 C:/ST/STM32CubeCLT_1.16.0/GNU-tools-for-STM32/bin/../lib/gcc/arm-none-eabi/12.3.1/../../../../arm-none-eabi/lib/thumb/v7e-m+fp/hard\libg_nano.a(libc_a-msizer.o)

.debug_line_str
                0x00000000      0x17d
 .debug_line_str
                0x00000000       0x96 CMakeFiles/force_sensor.dir/startup_stm32f446xx.s.obj
 .debug_line_str
                0x00000096       0xde C:/ST/STM32CubeCLT_1.16.0/GNU-tools-for-STM32/bin/../lib/gcc/arm-none-eabi/12.3.1/../../../../arm-none-eabi/lib/thumb/v7e-m+fp/hard\libg_nano.a(libc_a-strlen.o)
 .debug_line_str
                0x00000174        0x9 C:/ST/STM32CubeCLT_1.16.0/GNU-tools-for-STM32/bin/../lib/gcc/arm-none-eabi/12.3.1/../../../../arm-none-eabi/lib/thumb/v7e-m+fp/hard\libg_nano.a(libc_a-memchr.o)
                                 0xd4 (size before relaxing)

.debug_loclists
                0x00000000      0xc2a
 .debug_loclists
                0x00000000       0x89 C:/ST/STM32CubeCLT_1.16.0/GNU-tools-for-STM32/bin/../lib/gcc/arm-none-eabi/12.3.1/../../../../arm-none-eabi/lib/thumb/v7e-m+fp/hard\libg_nano.a(libc_a-sprintf.o)
 .debug_loclists
                0x00000089      0x47b C:/ST/STM32CubeCLT_1.16.0/GNU-tools-for-STM32/bin/../lib/gcc/arm-none-eabi/12.3.1/../../../../arm-none-eabi/lib/thumb/v7e-m+fp/hard\libg_nano.a(libc_a-nano-svfprintf.o)
 .debug_loclists
                0x00000504      0x408 C:/ST/STM32CubeCLT_1.16.0/GNU-tools-for-STM32/bin/../lib/gcc/arm-none-eabi/12.3.1/../../../../arm-none-eabi/lib/thumb/v7e-m+fp/hard\libg_nano.a(libc_a-nano-vfprintf_i.o)
 .debug_loclists
                0x0000090c      0x130 C:/ST/STM32CubeCLT_1.16.0/GNU-tools-for-STM32/bin/../lib/gcc/arm-none-eabi/12.3.1/../../../../arm-none-eabi/lib/thumb/v7e-m+fp/hard\libg_nano.a(libc_a-memmove.o)
 .debug_loclists
                0x00000a3c       0x8f C:/ST/STM32CubeCLT_1.16.0/GNU-tools-for-STM32/bin/../lib/gcc/arm-none-eabi/12.3.1/../../../../arm-none-eabi/lib/thumb/v7e-m+fp/hard\libg_nano.a(libc_a-memcpy-stub.o)
 .debug_loclists
                0x00000acb       0xfd C:/ST/STM32CubeCLT_1.16.0/GNU-tools-for-STM32/bin/../lib/gcc/arm-none-eabi/12.3.1/../../../../arm-none-eabi/lib/thumb/v7e-m+fp/hard\libg_nano.a(libc_a-reallocr.o)
 .debug_loclists
                0x00000bc8       0x62 C:/ST/STM32CubeCLT_1.16.0/GNU-tools-for-STM32/bin/../lib/gcc/arm-none-eabi/12.3.1/../../../../arm-none-eabi/lib/thumb/v7e-m+fp/hard\libg_nano.a(libc_a-msizer.o)
